---
source: crates/ruff_linter/src/rules/odoo/mod.rs
---
ODW8161 Better using self.env._
  --> main.py:23:16
   |
21 | class Store:
22 |     def label(self):
23 |         return _("in a baseless helper")
   |                ^
help: Replace with `self.env._`

ODW8161 Better using self.env._
  --> main.py:29:16
   |
27 | class MyError(Exception):
28 |     def label(self):
29 |         return _("in an exception")
   |                ^
help: Replace with `self.env._`
