---
source: crates/ruff_linter/src/rules/odoo/mod.rs
---
ODOO042 Translation method is using positional string printf formatting with multiple arguments. Use named placeholders instead
 --> ODOO042.py:1:1
  |
1 | _("%s of %s")
  | ^^^^^^^^^^^^^
2 | _("%(count)s of %(total)s")
3 | _("{} and {}")
  |
help: Convert to named placeholders passed as keyword arguments

ODOO042 Translation method is using positional string printf formatting with multiple arguments. Use named placeholders instead
 --> ODOO042.py:3:1
  |
1 | _("%s of %s")
2 | _("%(count)s of %(total)s")
3 | _("{} and {}")
  | ^^^^^^^^^^^^^^
4 | _("only one %s")
  |
help: Convert to named placeholders passed as keyword arguments

ODOO042 [*] Translation method is using positional string printf formatting with multiple arguments. Use named placeholders instead
 --> ODOO042.py:7:1
  |
6 | # Fixable: values passed to the call as names or dotted attribute chains.
7 | self.env._("Donation (%s) is (%s)", tier.name, tier.campaign_id.name)
  | ^^^^^^^^^^^^^^^^^^^^^^^^^^^^^^^^^^^^^^^^^^^^^^^^^^^^^^^^^^^^^^^^^^^^^
8 | _("%s of %s", count, total)
9 | _lt("%d of %d", count, total)
  |
help: Convert to named placeholders passed as keyword arguments
  |
6 | # Fixable: values passed to the call as names or dotted attribute chains.
  - self.env._("Donation (%s) is (%s)", tier.name, tier.campaign_id.name)
7 + self.env._("Donation (%(tier_name)s) is (%(tier_campaign_id_name)s)", tier_name=tier.name, tier_campaign_id_name=tier.campaign_id.name)
8 | _("%s of %s", count, total)
  |
note: This is an unsafe fix and may change runtime behavior

ODOO042 [*] Translation method is using positional string printf formatting with multiple arguments. Use named placeholders instead
  --> ODOO042.py:8:1
   |
 6 | # Fixable: values passed to the call as names or dotted attribute chains.
 7 | self.env._("Donation (%s) is (%s)", tier.name, tier.campaign_id.name)
 8 | _("%s of %s", count, total)
   | ^^^^^^^^^^^^^^^^^^^^^^^^^^^
 9 | _lt("%d of %d", count, total)
10 | self.env._("%s discount: %.2f", name, discount)
   |
help: Convert to named placeholders passed as keyword arguments
  |
7 | self.env._("Donation (%s) is (%s)", tier.name, tier.campaign_id.name)
  - _("%s of %s", count, total)
8 + _("%(count)s of %(total)s", count=count, total=total)
9 | _lt("%d of %d", count, total)
  |
note: This is an unsafe fix and may change runtime behavior

ODOO042 [*] Translation method is using positional string printf formatting with multiple arguments. Use named placeholders instead
  --> ODOO042.py:9:1
   |
 7 | self.env._("Donation (%s) is (%s)", tier.name, tier.campaign_id.name)
 8 | _("%s of %s", count, total)
 9 | _lt("%d of %d", count, total)
   | ^^^^^^^^^^^^^^^^^^^^^^^^^^^^^
10 | self.env._("%s discount: %.2f", name, discount)
11 | _("%s and %s", value, value)
   |
help: Convert to named placeholders passed as keyword arguments
   |
8  | _("%s of %s", count, total)
   - _lt("%d of %d", count, total)
9  + _lt("%(count)d of %(total)d", count=count, total=total)
10 | self.env._("%s discount: %.2f", name, discount)
   |
note: This is an unsafe fix and may change runtime behavior

ODOO042 [*] Translation method is using positional string printf formatting with multiple arguments. Use named placeholders instead
  --> ODOO042.py:10:1
   |
 8 | _("%s of %s", count, total)
 9 | _lt("%d of %d", count, total)
10 | self.env._("%s discount: %.2f", name, discount)
   | ^^^^^^^^^^^^^^^^^^^^^^^^^^^^^^^^^^^^^^^^^^^^^^^
11 | _("%s and %s", value, value)
   |
help: Convert to named placeholders passed as keyword arguments
   |
9  | _lt("%d of %d", count, total)
   - self.env._("%s discount: %.2f", name, discount)
10 + self.env._("%(name)s discount: %(discount).2f", name=name, discount=discount)
11 | _("%s and %s", value, value)
   |
note: This is an unsafe fix and may change runtime behavior

ODOO042 [*] Translation method is using positional string printf formatting with multiple arguments. Use named placeholders instead
  --> ODOO042.py:11:1
   |
 9 | _lt("%d of %d", count, total)
10 | self.env._("%s discount: %.2f", name, discount)
11 | _("%s and %s", value, value)
   | ^^^^^^^^^^^^^^^^^^^^^^^^^^^^
12 |
13 | # Fixable: the name is derived from inside the expression — the first nameable call
   |
help: Convert to named placeholders passed as keyword arguments
   |
10 | self.env._("%s discount: %.2f", name, discount)
   - _("%s and %s", value, value)
11 + _("%(value)s and %(value)s", value=value)
12 |
   |
note: This is an unsafe fix and may change runtime behavior

ODOO042 [*] Translation method is using positional string printf formatting with multiple arguments. Use named placeholders instead
  --> ODOO042.py:15:1
   |
13 |   # Fixable: the name is derived from inside the expression — the first nameable call
14 |   # argument, the callee, or the subscript base plus its index.
15 | / self.env._(
16 | |     "The following fields are required:\n - %s\nFor the record %s",
17 | |     "\n - ".join(fields_string),
18 | |     sale.display_name,
19 | | )
   | |_^
20 |   _("%s of %s", get_count(), total)
21 |   _("%s and %s", sale.mapped("name"), count)
   |
help: Convert to named placeholders passed as keyword arguments
   |
15 | self.env._(
   -     "The following fields are required:\n - %s\nFor the record %s",
   -     "\n - ".join(fields_string),
   -     sale.display_name,
16 +     "The following fields are required:\n - %(fields_string)s\nFor the record %(sale_display_name)s", fields_string="\n - ".join(fields_string), sale_display_name=sale.display_name,
17 | )
   |
note: This is an unsafe fix and may change runtime behavior

ODOO042 [*] Translation method is using positional string printf formatting with multiple arguments. Use named placeholders instead
  --> ODOO042.py:20:1
   |
18 |     sale.display_name,
19 | )
20 | _("%s of %s", get_count(), total)
   | ^^^^^^^^^^^^^^^^^^^^^^^^^^^^^^^^^
21 | _("%s and %s", sale.mapped("name"), count)
22 | _("%s of %s", values[0], values[1])
   |
help: Convert to named placeholders passed as keyword arguments
   |
19 | )
   - _("%s of %s", get_count(), total)
20 + _("%(get_count)s of %(total)s", get_count=get_count(), total=total)
21 | _("%s and %s", sale.mapped("name"), count)
   |
note: This is an unsafe fix and may change runtime behavior

ODOO042 [*] Translation method is using positional string printf formatting with multiple arguments. Use named placeholders instead
  --> ODOO042.py:21:1
   |
19 | )
20 | _("%s of %s", get_count(), total)
21 | _("%s and %s", sale.mapped("name"), count)
   | ^^^^^^^^^^^^^^^^^^^^^^^^^^^^^^^^^^^^^^^^^^
22 | _("%s of %s", values[0], values[1])
23 | _("%s of %s", vals["name"], vals[key])
   |
help: Convert to named placeholders passed as keyword arguments
   |
20 | _("%s of %s", get_count(), total)
   - _("%s and %s", sale.mapped("name"), count)
21 + _("%(sale_mapped)s and %(count)s", sale_mapped=sale.mapped("name"), count=count)
22 | _("%s of %s", values[0], values[1])
   |
note: This is an unsafe fix and may change runtime behavior

ODOO042 [*] Translation method is using positional string printf formatting with multiple arguments. Use named placeholders instead
  --> ODOO042.py:22:1
   |
20 | _("%s of %s", get_count(), total)
21 | _("%s and %s", sale.mapped("name"), count)
22 | _("%s of %s", values[0], values[1])
   | ^^^^^^^^^^^^^^^^^^^^^^^^^^^^^^^^^^^
23 | _("%s of %s", vals["name"], vals[key])
   |
help: Convert to named placeholders passed as keyword arguments
   |
21 | _("%s and %s", sale.mapped("name"), count)
   - _("%s of %s", values[0], values[1])
22 + _("%(values_0)s of %(values_1)s", values_0=values[0], values_1=values[1])
23 | _("%s of %s", vals["name"], vals[key])
   |
note: This is an unsafe fix and may change runtime behavior

ODOO042 [*] Translation method is using positional string printf formatting with multiple arguments. Use named placeholders instead
  --> ODOO042.py:23:1
   |
21 | _("%s and %s", sale.mapped("name"), count)
22 | _("%s of %s", values[0], values[1])
23 | _("%s of %s", vals["name"], vals[key])
   | ^^^^^^^^^^^^^^^^^^^^^^^^^^^^^^^^^^^^^^
24 |
25 | # Not fixable: the values are interpolated outside the call.
   |
help: Convert to named placeholders passed as keyword arguments
   |
22 | _("%s of %s", values[0], values[1])
   - _("%s of %s", vals["name"], vals[key])
23 + _("%(vals_name)s of %(vals_key)s", vals_name=vals["name"], vals_key=vals[key])
24 |
   |
note: This is an unsafe fix and may change runtime behavior

ODOO042 Translation method is using positional string printf formatting with multiple arguments. Use named placeholders instead
  --> ODOO042.py:26:1
   |
25 | # Not fixable: the values are interpolated outside the call.
26 | _("%s of %s") % (count, total)
   | ^^^^^^^^^^^^^
27 | # Not fixable: no identifier anywhere in the argument.
28 | _("%s of %s", count + 1, total)
   |
help: Convert to named placeholders passed as keyword arguments

ODOO042 Translation method is using positional string printf formatting with multiple arguments. Use named placeholders instead
  --> ODOO042.py:28:1
   |
26 | _("%s of %s") % (count, total)
27 | # Not fixable: no identifier anywhere in the argument.
28 | _("%s of %s", count + 1, total)
   | ^^^^^^^^^^^^^^^^^^^^^^^^^^^^^^^
29 | _("%s of %s", 42, total)
30 | # Not fixable: argument count doesn't match the placeholder count.
   |
help: Convert to named placeholders passed as keyword arguments

ODOO042 Translation method is using positional string printf formatting with multiple arguments. Use named placeholders instead
  --> ODOO042.py:29:1
   |
27 | # Not fixable: no identifier anywhere in the argument.
28 | _("%s of %s", count + 1, total)
29 | _("%s of %s", 42, total)
   | ^^^^^^^^^^^^^^^^^^^^^^^^
30 | # Not fixable: argument count doesn't match the placeholder count.
31 | _("%s of %s", count)
   |
help: Convert to named placeholders passed as keyword arguments

ODOO042 Translation method is using positional string printf formatting with multiple arguments. Use named placeholders instead
  --> ODOO042.py:31:1
   |
29 | _("%s of %s", 42, total)
30 | # Not fixable: argument count doesn't match the placeholder count.
31 | _("%s of %s", count)
   | ^^^^^^^^^^^^^^^^^^^^
32 | # Not fixable: distinct expressions colliding on the same derived name.
33 | _("%s of %s", a.b, a_b)
   |
help: Convert to named placeholders passed as keyword arguments

ODOO042 Translation method is using positional string printf formatting with multiple arguments. Use named placeholders instead
  --> ODOO042.py:33:1
   |
31 | _("%s of %s", count)
32 | # Not fixable: distinct expressions colliding on the same derived name.
33 | _("%s of %s", a.b, a_b)
   | ^^^^^^^^^^^^^^^^^^^^^^^
34 | # Not fixable: keyword arguments already present.
35 | _("%s of %s", count, total=total)
   |
help: Convert to named placeholders passed as keyword arguments

ODOO042 Translation method is using positional string printf formatting with multiple arguments. Use named placeholders instead
  --> ODOO042.py:35:1
   |
33 | _("%s of %s", a.b, a_b)
34 | # Not fixable: keyword arguments already present.
35 | _("%s of %s", count, total=total)
   | ^^^^^^^^^^^^^^^^^^^^^^^^^^^^^^^^^
help: Convert to named placeholders passed as keyword arguments
