---
source: crates/ruff_linter/src/rules/odoo/mod.rs
---
ODW8107 Prohibited override of "action_post" method
 --> prohibited_method_override.py:5:9
  |
4 | class AccountMove:
5 |     def action_post(self):  # ODW8107
  |         ^^^^^^^^^^^
6 |         return super().action_post()
  |

ODW8107 Prohibited override of "unlink" method
  --> prohibited_method_override.py:8:9
   |
 6 |         return super().action_post()
 7 |
 8 |     def unlink(self):  # ODW8107
   |         ^^^^^^
 9 |         res = super().unlink()
10 |         return res
   |
