---
source: crates/ruff_linter/src/rules/odoo/mod.rs
---
ODC8502 [*] `pylint: disable` comment should be migrated to `# ruff: ignore[invalid-commit]`
 --> pylint_disable_comment.py:5:22
  |
4 | def inline_name(env):
5 |     env.cr.commit()  # pylint: disable=invalid-commit
  |                      ^^^^^^^^^^^^^^^^^^^^^^^^^^^^^^^^
6 |     return True
  |
help: Replace with `# ruff: ignore[invalid-commit]`
  |
4 | def inline_name(env):
  -     env.cr.commit()  # pylint: disable=invalid-commit
5 +     env.cr.commit()  # ruff: ignore[invalid-commit]
6 |     return True
  |

ODC8502 [*] `pylint: disable` comment should be migrated to `# ruff: ignore[invalid-commit]`
  --> pylint_disable_comment.py:10:22
   |
 9 | def inline_code(env):
10 |     env.cr.commit()  # pylint: disable=E8102
   |                      ^^^^^^^^^^^^^^^^^^^^^^^
11 |     return True
   |
help: Replace with `# ruff: ignore[invalid-commit]`
   |
9  | def inline_code(env):
   -     env.cr.commit()  # pylint: disable=E8102
10 +     env.cr.commit()  # ruff: ignore[invalid-commit]
11 |     return True
   |

ODC8502 [*] `pylint: disable` comment should be migrated to `# ruff: ignore[invalid-commit]`
  --> pylint_disable_comment.py:15:22
   |
14 | def inline_no_spaces(env):
15 |     env.cr.commit()  #pylint:disable=invalid-commit
   |                      ^^^^^^^^^^^^^^^^^^^^^^^^^^^^^^
16 |     return True
   |
help: Replace with `# ruff: ignore[invalid-commit]`
   |
14 | def inline_no_spaces(env):
   -     env.cr.commit()  #pylint:disable=invalid-commit
15 +     env.cr.commit()  # ruff: ignore[invalid-commit]
16 |     return True
   |

ODC8502 [*] `pylint: disable` comment should be migrated to `# ruff: ignore[invalid-commit]`
  --> pylint_disable_comment.py:20:22
   |
19 | def inline_disable_msg(env):
20 |     env.cr.commit()  # pylint: disable-msg=invalid-commit
   |                      ^^^^^^^^^^^^^^^^^^^^^^^^^^^^^^^^^^^^
21 |     return True
   |
help: Replace with `# ruff: ignore[invalid-commit]`
   |
19 | def inline_disable_msg(env):
   -     env.cr.commit()  # pylint: disable-msg=invalid-commit
20 +     env.cr.commit()  # ruff: ignore[invalid-commit]
21 |     return True
   |

ODC8502 [*] `pylint: disable` comment should be migrated to `# ruff: ignore[complex-structure, invalid-commit]`
  --> pylint_disable_comment.py:24:27
   |
24 | def multiple_names(env):  # pylint: disable=too-complex,invalid-commit
   |                           ^^^^^^^^^^^^^^^^^^^^^^^^^^^^^^^^^^^^^^^^^^^^
25 |     return True
   |
help: Replace with `# ruff: ignore[complex-structure, invalid-commit]`
   |
23 |
   - def multiple_names(env):  # pylint: disable=too-complex,invalid-commit
24 + def multiple_names(env):  # ruff: ignore[complex-structure, invalid-commit]
25 |     return True
   |

ODC8502 [*] `pylint: disable` comment should be migrated to `# ruff: ignore[translation-positional-used]`
  --> pylint_disable_comment.py:28:28
   |
28 | def renamed_message(env):  # pylint: disable=translation-positional-used
   |                            ^^^^^^^^^^^^^^^^^^^^^^^^^^^^^^^^^^^^^^^^^^^^^
29 |     return True
   |
help: Replace with `# ruff: ignore[translation-positional-used]`
   |
27 |
   - def renamed_message(env):  # pylint: disable=translation-positional-used
28 + def renamed_message(env):  # ruff: ignore[translation-positional-used]
29 |     return True
   |

ODC8502 [*] `pylint: disable` comment should be migrated to `# ruff: ignore[consider-merging-classes-inherited]`
  --> pylint_disable_comment.py:32:41
   |
32 | def renamed_odoo_project_message(env):  # pylint: disable=consider-merging-classes-inherited
   |                                         ^^^^^^^^^^^^^^^^^^^^^^^^^^^^^^^^^^^^^^^^^^^^^^^^^^^^
33 |     return True
   |
help: Replace with `# ruff: ignore[consider-merging-classes-inherited]`
   |
31 |
   - def renamed_odoo_project_message(env):  # pylint: disable=consider-merging-classes-inherited
32 + def renamed_odoo_project_message(env):  # ruff: ignore[consider-merging-classes-inherited]
33 |     return True
   |

ODC8502 [*] `pylint: disable` comment should be migrated to `# ruff: ignore[consider-merging-classes-inherited]`
  --> pylint_disable_comment.py:36:38
   |
36 | def renamed_odoo_project_code(env):  # pylint: disable=R8180
   |                                      ^^^^^^^^^^^^^^^^^^^^^^^
37 |     return True
   |
help: Replace with `# ruff: ignore[consider-merging-classes-inherited]`
   |
35 |
   - def renamed_odoo_project_code(env):  # pylint: disable=R8180
36 + def renamed_odoo_project_code(env):  # ruff: ignore[consider-merging-classes-inherited]
37 |     return True
   |

ODC8502 [*] `pylint: disable` comment should be migrated to `# ruff: ignore[invalid-commit]`
  --> pylint_disable_comment.py:40:37
   |
40 | def duplicated_name_and_code(env):  # pylint: disable=invalid-commit,E8102
   |                                     ^^^^^^^^^^^^^^^^^^^^^^^^^^^^^^^^^^^^^^
41 |     return True
   |
help: Replace with `# ruff: ignore[invalid-commit]`
   |
39 |
   - def duplicated_name_and_code(env):  # pylint: disable=invalid-commit,E8102
40 + def duplicated_name_and_code(env):  # ruff: ignore[invalid-commit]
41 |     return True
   |

ODC8502 [*] `pylint: disable` comment should be migrated to `# ruff: ignore[invalid-commit]`
  --> pylint_disable_comment.py:44:29
   |
44 | def partially_mapped(env):  # pylint: disable=invalid-commit,some-custom-check
   |                             ^^^^^^^^^^^^^^^^^^^^^^^^^^^^^^^^^^^^^^^^^^^^^^^^^^
45 |     return True
   |
help: Replace with `# ruff: ignore[invalid-commit]`
   |
43 |
   - def partially_mapped(env):  # pylint: disable=invalid-commit,some-custom-check
44 + def partially_mapped(env):  # pylint: disable=some-custom-check  # ruff: ignore[invalid-commit]
45 |     return True
   |

ODC8502 [*] `pylint: disable` comment should be migrated to `# ruff: ignore[invalid-commit]`
  --> pylint_disable_comment.py:56:46
   |
56 | def already_migrated(env):  # noqa: ODE8102  # pylint: disable=invalid-commit
   |                                              ^^^^^^^^^^^^^^^^^^^^^^^^^^^^^^^^
57 |     return True
   |
help: Replace with `# ruff: ignore[invalid-commit]`
   |
55 |
   - def already_migrated(env):  # noqa: ODE8102  # pylint: disable=invalid-commit
56 + def already_migrated(env):  # noqa: ODE8102  # # ruff: ignore[invalid-commit]
57 |     return True
   |

ODC8502 [*] `pylint: disable` comment should be migrated to `# ruff: ignore[invalid-commit]`
  --> pylint_disable_comment.py:60:26
   |
60 | def trailing_text(env):  # pylint: disable=invalid-commit  # avoid partial writes
   |                          ^^^^^^^^^^^^^^^^^^^^^^^^^^^^^^^^
61 |     return True
   |
help: Replace with `# ruff: ignore[invalid-commit]`
   |
59 |
   - def trailing_text(env):  # pylint: disable=invalid-commit  # avoid partial writes
60 + def trailing_text(env):  # ruff: ignore[invalid-commit]  # avoid partial writes
61 |     return True
   |

ODC8502 [*] `pylint: disable` comment should be migrated to `# ruff: ignore[invalid-commit]`
  --> pylint_disable_comment.py:72:1
   |
72 | # pylint: disable=invalid-commit
   | ^^^^^^^^^^^^^^^^^^^^^^^^^^^^^^^^
73 | def standalone_comment(env):
74 |     return True
   |
help: Replace with `# ruff: ignore[invalid-commit]`
   |
71 |
   - # pylint: disable=invalid-commit
72 + # ruff: disable[invalid-commit]
73 | def standalone_comment(env):
   |

ODC8502 [*] `pylint: disable` comment should be migrated to `# ruff: ignore[invalid-commit]`
  --> pylint_disable_comment.py:77:1
   |
77 | # pylint: disable-next=invalid-commit
   | ^^^^^^^^^^^^^^^^^^^^^^^^^^^^^^^^^^^^^
78 | def disable_next(env):
79 |     return True
   |
help: Replace with `# ruff: ignore[invalid-commit]`
   |
76 |
   - # pylint: disable-next=invalid-commit
77 + # ruff: ignore[invalid-commit]
78 | def disable_next(env):
   |

ODC8502 [*] `pylint: disable` comment should be migrated to `# ruff: ignore[import-outside-top-level]`
  --> pylint_disable_comment.py:82:33
   |
82 | def renamed_pylint_check(env):  # pylint: disable=import-outside-toplevel
   |                                 ^^^^^^^^^^^^^^^^^^^^^^^^^^^^^^^^^^^^^^^^^
83 |     # Ruff reuses pylint's code for this check but not its name: `PLC0415` is
84 |     # `import-outside-top-level`, with the extra hyphen.
   |
help: Replace with `# ruff: ignore[import-outside-top-level]`
   |
81 |
   - def renamed_pylint_check(env):  # pylint: disable=import-outside-toplevel
82 + def renamed_pylint_check(env):  # ruff: ignore[import-outside-top-level]
83 |     # Ruff reuses pylint's code for this check but not its name: `PLC0415` is
   |

ODC8502 [*] `pylint: disable` comment should be migrated to `# ruff: ignore[import-outside-top-level, unused-import]`
  --> pylint_disable_comment.py:89:16
   |
88 | def shares_comment_with_noqa(env):
89 |     import os  # noqa: F401 pylint: disable=import-outside-toplevel,unused-import
   |                ^^^^^^^^^^^^^^^^^^^^^^^^^^^^^^^^^^^^^^^^^^^^^^^^^^^^^^^^^^^^^^^^^^
90 |
91 |     return os
   |
help: Replace with `# ruff: ignore[import-outside-top-level, unused-import]`
   |
88 | def shares_comment_with_noqa(env):
   -     import os  # noqa: F401 pylint: disable=import-outside-toplevel,unused-import
89 +     import os  # noqa: F401 # ruff: ignore[import-outside-top-level, unused-import]
90 |
   |

ODC8502 [*] `pylint: disable` comment should be migrated to `# ruff: ignore[import-outside-top-level]`
  --> pylint_disable_comment.py:95:17
   |
94 | def pragma_before_noqa(env):
95 |     import sys  # pylint: disable=import-outside-toplevel  # noqa: F401
   |                 ^^^^^^^^^^^^^^^^^^^^^^^^^^^^^^^^^^^^^^^^^
96 |
97 |     return sys
   |
help: Replace with `# ruff: ignore[import-outside-top-level]`
   |
94 | def pragma_before_noqa(env):
   -     import sys  # pylint: disable=import-outside-toplevel  # noqa: F401
95 +     import sys  # ruff: ignore[import-outside-top-level]  # noqa: F401
96 |
   |

ODC8502 [*] `pylint: disable` comment should be migrated to `# ruff: ignore[builtin-variable-shadowing, builtin-argument-shadowing, builtin-import-shadowing]`
   --> pylint_disable_comment.py:100:34
    |
100 | def shadows_builtins(id, type):  # pylint: disable=redefined-builtin
    |                                  ^^^^^^^^^^^^^^^^^^^^^^^^^^^^^^^^^^^
101 |     # pylint reports one message no matter what the shadowed builtin is; Ruff splits it
102 |     # across `builtin-variable-shadowing`, `builtin-argument-shadowing` and
    |
help: Replace with `# ruff: ignore[builtin-variable-shadowing, builtin-argument-shadowing, builtin-import-shadowing]`
    |
99  |
    - def shadows_builtins(id, type):  # pylint: disable=redefined-builtin
100 + def shadows_builtins(id, type):  # ruff: ignore[builtin-variable-shadowing, builtin-argument-shadowing, builtin-import-shadowing]
101 |     # pylint reports one message no matter what the shadowed builtin is; Ruff splits it
    |

ODC8502 [*] `pylint: disable` comment should be migrated to `# ruff: ignore[useless-expression]`
   --> pylint_disable_comment.py:110:23
    |
108 |     # pylint's `expression-not-assigned` is flake8-bugbear's `useless-expression` in Ruff,
109 |     # a rename across linters rather than within Ruff's own Pylint rules.
110 |     env.company.name  # pylint: disable=expression-not-assigned
    |                       ^^^^^^^^^^^^^^^^^^^^^^^^^^^^^^^^^^^^^^^^^
help: Replace with `# ruff: ignore[useless-expression]`
    |
109 |     # a rename across linters rather than within Ruff's own Pylint rules.
    -     env.company.name  # pylint: disable=expression-not-assigned
110 +     env.company.name  # ruff: ignore[useless-expression]
    |
