---
source: crates/ruff_linter/src/rules/odoo/mod.rs
---
ODOO024 [*] Better using self.env._
 --> ODOO024.py:5:16
  |
4 |     def my_method(self):
5 |         return _("old translated")
  |                ^
6 |
7 |     def other_method(self):
  |
help: Replace with `self.env._`
  |
4 |     def my_method(self):
  -         return _("old translated")
5 +         return self.env._("old translated")
6 |
  |

ODOO024 [*] Better using self.env._
  --> ODOO024.py:8:16
   |
 7 |     def other_method(self):
 8 |         return _lt("also old")
   |                ^^^
 9 |
10 |     def already_fixed(self):
   |
help: Replace with `self.env._`
  |
7 |     def other_method(self):
  -         return _lt("also old")
8 +         return self.env._("also old")
9 |
  |

ODOO024 Better using self.env._
  --> ODOO024.py:15:12
   |
14 | def outside_method():
15 |     return _("not fixable, no self in scope")
   |            ^
help: Replace with `self.env._`
