---
source: crates/ruff_linter/src/rules/odoo/mod.rs
---
ODOO027 Name of compute method should start with "_compute_"
 --> ODOO027.py:4:34
  |
2 |     _inherit = "my.model"
3 |
4 |     total = fields.Float(compute="_get_total")
  |                                  ^^^^^^^^^^^^
5 |     subtotal = fields.Float(compute="_compute_subtotal")
  |
