---
source: crates/ruff_linter/src/rules/odoo/mod.rs
---
ODOO025 [*] Manifest superfluous key "installable". It is the same as the default value
 --> __manifest__.py:2:5
  |
1 | {
2 |     "installable": True,
  |     ^^^^^^^^^^^^^^^^^^^
3 |     "depends": [],
4 |     "author": "",
  |
help: Remove superfluous key "installable"
  |
1 | {
  -     "installable": True,
2 |     "depends": [],
  |

ODOO025 [*] Manifest superfluous key "depends". It is the same as the default value
 --> __manifest__.py:3:5
  |
1 | {
2 |     "installable": True,
3 |     "depends": [],
  |     ^^^^^^^^^^^^^
4 |     "author": "",
5 |     "active": False,
  |
help: Remove superfluous key "depends"
  |
2 |     "installable": True,
  -     "depends": [],
3 |     "author": "",
  |

ODOO025 [*] Manifest superfluous key "author". It is the same as the default value
 --> __manifest__.py:4:5
  |
2 |     "installable": True,
3 |     "depends": [],
4 |     "author": "",
  |     ^^^^^^^^^^^^
5 |     "active": False,
6 |     "name": "My Module",
  |
help: Remove superfluous key "author"
  |
3 |     "depends": [],
  -     "author": "",
4 |     "active": False,
  |
