---
source: crates/ruff_linter/src/rules/odoo/mod.rs
---
ODW8120 Translation method is using positional string printf formatting with multiple arguments. Use named placeholders instead
 --> translation_positional_used.py:1:1
  |
1 | _("%s of %s")
  | ^^^^^^^^^^^^^
2 | _("%(count)s of %(total)s")
3 | _("{} and {}")
  |
help: Convert to named placeholders passed as keyword arguments

ODW8120 Translation method is using positional string printf formatting with multiple arguments. Use named placeholders instead
 --> translation_positional_used.py:3:1
  |
1 | _("%s of %s")
2 | _("%(count)s of %(total)s")
3 | _("{} and {}")
  | ^^^^^^^^^^^^^^
4 | _("only one %s")
  |
help: Convert to named placeholders passed as keyword arguments

ODW8120 [*] Translation method is using positional string printf formatting with multiple arguments. Use named placeholders instead
 --> translation_positional_used.py:7:1
  |
6 | # Fixable: values passed to the call as names or dotted attribute chains.
7 | self.env._("Donation (%s) is (%s)", tier.name, tier.campaign_id.name)
  | ^^^^^^^^^^^^^^^^^^^^^^^^^^^^^^^^^^^^^^^^^^^^^^^^^^^^^^^^^^^^^^^^^^^^^
8 | _("%s of %s", count, total)
9 | _lt("%d of %d", count, total)
  |
help: Convert to named placeholders passed as keyword arguments
   |
6  | # Fixable: values passed to the call as names or dotted attribute chains.
   - self.env._("Donation (%s) is (%s)", tier.name, tier.campaign_id.name)
7  + self.env._(
8  +     "Donation (%(tier_name)s) is (%(tier_campaign_id_name)s)",
9  +     tier_name=tier.name,
10 +     tier_campaign_id_name=tier.campaign_id.name,
11 + )
12 | _("%s of %s", count, total)
   |
note: This is an unsafe fix and may change runtime behavior

ODW8120 [*] Translation method is using positional string printf formatting with multiple arguments. Use named placeholders instead
  --> translation_positional_used.py:8:1
   |
 6 | # Fixable: values passed to the call as names or dotted attribute chains.
 7 | self.env._("Donation (%s) is (%s)", tier.name, tier.campaign_id.name)
 8 | _("%s of %s", count, total)
   | ^^^^^^^^^^^^^^^^^^^^^^^^^^^
 9 | _lt("%d of %d", count, total)
10 | self.env._("%s discount: %.2f", name, discount)
   |
help: Convert to named placeholders passed as keyword arguments
  |
7 | self.env._("Donation (%s) is (%s)", tier.name, tier.campaign_id.name)
  - _("%s of %s", count, total)
8 + _("%(count)s of %(total)s", count=count, total=total)
9 | _lt("%d of %d", count, total)
  |
note: This is an unsafe fix and may change runtime behavior

ODW8120 [*] Translation method is using positional string printf formatting with multiple arguments. Use named placeholders instead
  --> translation_positional_used.py:9:1
   |
 7 | self.env._("Donation (%s) is (%s)", tier.name, tier.campaign_id.name)
 8 | _("%s of %s", count, total)
 9 | _lt("%d of %d", count, total)
   | ^^^^^^^^^^^^^^^^^^^^^^^^^^^^^
10 | self.env._("%s discount: %.2f", name, discount)
11 | _("%s and %s", value, value)
   |
help: Convert to named placeholders passed as keyword arguments
   |
8  | _("%s of %s", count, total)
   - _lt("%d of %d", count, total)
9  + _lt("%(count)d of %(total)d", count=count, total=total)
10 | self.env._("%s discount: %.2f", name, discount)
   |
note: This is an unsafe fix and may change runtime behavior

ODW8120 [*] Translation method is using positional string printf formatting with multiple arguments. Use named placeholders instead
  --> translation_positional_used.py:10:1
   |
 8 | _("%s of %s", count, total)
 9 | _lt("%d of %d", count, total)
10 | self.env._("%s discount: %.2f", name, discount)
   | ^^^^^^^^^^^^^^^^^^^^^^^^^^^^^^^^^^^^^^^^^^^^^^^
11 | _("%s and %s", value, value)
   |
help: Convert to named placeholders passed as keyword arguments
   |
9  | _lt("%d of %d", count, total)
   - self.env._("%s discount: %.2f", name, discount)
10 + self.env._("%(name)s discount: %(discount).2f", name=name, discount=discount)
11 | _("%s and %s", value, value)
   |
note: This is an unsafe fix and may change runtime behavior

ODW8120 [*] Translation method is using positional string printf formatting with multiple arguments. Use named placeholders instead
  --> translation_positional_used.py:11:1
   |
 9 | _lt("%d of %d", count, total)
10 | self.env._("%s discount: %.2f", name, discount)
11 | _("%s and %s", value, value)
   | ^^^^^^^^^^^^^^^^^^^^^^^^^^^^
12 |
13 | # Fixable: the name is derived from inside the expression — the first nameable call
   |
help: Convert to named placeholders passed as keyword arguments
   |
10 | self.env._("%s discount: %.2f", name, discount)
   - _("%s and %s", value, value)
11 + _("%(value)s and %(value)s", value=value)
12 |
   |
note: This is an unsafe fix and may change runtime behavior

ODW8120 [*] Translation method is using positional string printf formatting with multiple arguments. Use named placeholders instead
  --> translation_positional_used.py:15:1
   |
13 |   # Fixable: the name is derived from inside the expression — the first nameable call
14 |   # argument, the callee, or the subscript base plus its index.
15 | / self.env._(
16 | |     "The following fields are required:\n - %s\nFor the record %s",
17 | |     "\n - ".join(fields_string),
18 | |     sale.display_name,
19 | | )
   | |_^
20 |   _("%s of %s", get_count(), total)
21 |   self.env._(
   |
help: Convert to named placeholders passed as keyword arguments
   |
15 | self.env._(
   -     "The following fields are required:\n - %s\nFor the record %s",
   -     "\n - ".join(fields_string),
   -     sale.display_name,
16 +     "The following fields are required:\n - %(fields_string)s\nFor the record "
17 +     "%(sale_display_name)s",
18 +     fields_string="\n - ".join(fields_string),
19 +     sale_display_name=sale.display_name,
20 | )
   |
note: This is an unsafe fix and may change runtime behavior

ODW8120 [*] Translation method is using positional string printf formatting with multiple arguments. Use named placeholders instead
  --> translation_positional_used.py:20:1
   |
18 |     sale.display_name,
19 | )
20 | _("%s of %s", get_count(), total)
   | ^^^^^^^^^^^^^^^^^^^^^^^^^^^^^^^^^
21 | self.env._(
22 |     "%s -> %s (From %s to %s)",
   |
help: Convert to named placeholders passed as keyword arguments
   |
19 | )
   - _("%s of %s", get_count(), total)
20 + _("%(get_count)s of %(total)s", get_count=get_count(), total=total)
21 | self.env._(
   |
note: This is an unsafe fix and may change runtime behavior

ODW8120 [*] Translation method is using positional string printf formatting with multiple arguments. Use named placeholders instead
  --> translation_positional_used.py:21:1
   |
19 |   )
20 |   _("%s of %s", get_count(), total)
21 | / self.env._(
22 | |     "%s -> %s (From %s to %s)",
23 | |     record.delegated_from_id.display_name,
24 | |     record.delegated_id.display_name,
25 | |     format_date(self.env, record.start_date),
26 | |     format_date(self.env, record.end_date),
27 | | )
   | |_^
28 |   _("%s and %s", sale.mapped("name"), count)
29 |   _("%s of %s", values[0], values[1])
   |
help: Convert to named placeholders passed as keyword arguments
   |
21 | self.env._(
   -     "%s -> %s (From %s to %s)",
   -     record.delegated_from_id.display_name,
   -     record.delegated_id.display_name,
   -     format_date(self.env, record.start_date),
   -     format_date(self.env, record.end_date),
22 +     "%(record_delegated_from_id_display_name)s -> "
23 +     "%(record_delegated_id_display_name)s (From %(record_start_date)s to "
24 +     "%(record_end_date)s)",
25 +     record_delegated_from_id_display_name=record.delegated_from_id.display_name,
26 +     record_delegated_id_display_name=record.delegated_id.display_name,
27 +     record_start_date=format_date(self.env, record.start_date),
28 +     record_end_date=format_date(self.env, record.end_date),
29 | )
   |
note: This is an unsafe fix and may change runtime behavior

ODW8120 [*] Translation method is using positional string printf formatting with multiple arguments. Use named placeholders instead
  --> translation_positional_used.py:28:1
   |
26 |     format_date(self.env, record.end_date),
27 | )
28 | _("%s and %s", sale.mapped("name"), count)
   | ^^^^^^^^^^^^^^^^^^^^^^^^^^^^^^^^^^^^^^^^^^
29 | _("%s of %s", values[0], values[1])
30 | _("%s of %s", vals["name"], vals[key])
   |
help: Convert to named placeholders passed as keyword arguments
   |
27 | )
   - _("%s and %s", sale.mapped("name"), count)
28 + _("%(name)s and %(count)s", name=sale.mapped("name"), count=count)
29 | _("%s of %s", values[0], values[1])
   |
note: This is an unsafe fix and may change runtime behavior

ODW8120 [*] Translation method is using positional string printf formatting with multiple arguments. Use named placeholders instead
  --> translation_positional_used.py:29:1
   |
27 | )
28 | _("%s and %s", sale.mapped("name"), count)
29 | _("%s of %s", values[0], values[1])
   | ^^^^^^^^^^^^^^^^^^^^^^^^^^^^^^^^^^^
30 | _("%s of %s", vals["name"], vals[key])
31 | _(
   |
help: Convert to named placeholders passed as keyword arguments
   |
28 | _("%s and %s", sale.mapped("name"), count)
   - _("%s of %s", values[0], values[1])
29 + _("%(values_0)s of %(values_1)s", values_0=values[0], values_1=values[1])
30 | _("%s of %s", vals["name"], vals[key])
   |
note: This is an unsafe fix and may change runtime behavior

ODW8120 [*] Translation method is using positional string printf formatting with multiple arguments. Use named placeholders instead
  --> translation_positional_used.py:30:1
   |
28 | _("%s and %s", sale.mapped("name"), count)
29 | _("%s of %s", values[0], values[1])
30 | _("%s of %s", vals["name"], vals[key])
   | ^^^^^^^^^^^^^^^^^^^^^^^^^^^^^^^^^^^^^^
31 | _(
32 |     "Partners:\n - %s\n\n Domain used %s",
   |
help: Convert to named placeholders passed as keyword arguments
   |
29 | _("%s of %s", values[0], values[1])
   - _("%s of %s", vals["name"], vals[key])
30 + _("%(vals_name)s of %(vals_key)s", vals_name=vals["name"], vals_key=vals[key])
31 | _(
   |
note: This is an unsafe fix and may change runtime behavior

ODW8120 [*] Translation method is using positional string printf formatting with multiple arguments. Use named placeholders instead
  --> translation_positional_used.py:31:1
   |
29 |   _("%s of %s", values[0], values[1])
30 |   _("%s of %s", vals["name"], vals[key])
31 | / _(
32 | |     "Partners:\n - %s\n\n Domain used %s",
33 | |     "\n - ".join(["%s - %s" % (p.ref, p.name) for p in partners_werror]),
34 | |     domain,
35 | | )
   | |_^
36 |   _("date '%s'.%s", date_to_convert, self.env._(" In: %s.", title) if title else "")
37 |   _("closure %s already exists for %s", refundable_closures[0].name, operation.name)
   |
help: Convert to named placeholders passed as keyword arguments
   |
31 | _(
   -     "Partners:\n - %s\n\n Domain used %s",
   -     "\n - ".join(["%s - %s" % (p.ref, p.name) for p in partners_werror]),
   -     domain,
32 +     "Partners:\n - %(partners_werror)s\n\n Domain used %(domain)s",
33 +     partners_werror="\n - ".join(["%s - %s" % (p.ref, p.name) for p in partners_werror]),
34 +     domain=domain,
35 | )
   |
note: This is an unsafe fix and may change runtime behavior

ODW8120 [*] Translation method is using positional string printf formatting with multiple arguments. Use named placeholders instead
  --> translation_positional_used.py:36:1
   |
34 |     domain,
35 | )
36 | _("date '%s'.%s", date_to_convert, self.env._(" In: %s.", title) if title else "")
   | ^^^^^^^^^^^^^^^^^^^^^^^^^^^^^^^^^^^^^^^^^^^^^^^^^^^^^^^^^^^^^^^^^^^^^^^^^^^^^^^^^^
37 | _("closure %s already exists for %s", refundable_closures[0].name, operation.name)
38 | _("%s must have a coverage greater than 0%% and up to %s%%", line.name, line.program_id.coverage * 100)
   |
help: Convert to named placeholders passed as keyword arguments
   |
35 | )
   - _("date '%s'.%s", date_to_convert, self.env._(" In: %s.", title) if title else "")
36 + _(
37 +     "date '%(date_to_convert)s'.%(title)s",
38 +     date_to_convert=date_to_convert,
39 +     title=self.env._(" In: %s.", title) if title else "",
40 + )
41 | _("closure %s already exists for %s", refundable_closures[0].name, operation.name)
   |
note: This is an unsafe fix and may change runtime behavior

ODW8120 [*] Translation method is using positional string printf formatting with multiple arguments. Use named placeholders instead
  --> translation_positional_used.py:37:1
   |
35 | )
36 | _("date '%s'.%s", date_to_convert, self.env._(" In: %s.", title) if title else "")
37 | _("closure %s already exists for %s", refundable_closures[0].name, operation.name)
   | ^^^^^^^^^^^^^^^^^^^^^^^^^^^^^^^^^^^^^^^^^^^^^^^^^^^^^^^^^^^^^^^^^^^^^^^^^^^^^^^^^^
38 | _("%s must have a coverage greater than 0%% and up to %s%%", line.name, line.program_id.coverage * 100)
39 | _("%s of %s", count + 1, total)
   |
help: Convert to named placeholders passed as keyword arguments
   |
36 | _("date '%s'.%s", date_to_convert, self.env._(" In: %s.", title) if title else "")
   - _("closure %s already exists for %s", refundable_closures[0].name, operation.name)
37 + _(
38 +     "closure %(refundable_closures_0_name)s already exists for %(operation_name)s",
39 +     refundable_closures_0_name=refundable_closures[0].name,
40 +     operation_name=operation.name,
41 + )
42 | _("%s must have a coverage greater than 0%% and up to %s%%", line.name, line.program_id.coverage * 100)
   |
note: This is an unsafe fix and may change runtime behavior

ODW8120 [*] Translation method is using positional string printf formatting with multiple arguments. Use named placeholders instead
  --> translation_positional_used.py:38:1
   |
36 | _("date '%s'.%s", date_to_convert, self.env._(" In: %s.", title) if title else "")
37 | _("closure %s already exists for %s", refundable_closures[0].name, operation.name)
38 | _("%s must have a coverage greater than 0%% and up to %s%%", line.name, line.program_id.coverage * 100)
   | ^^^^^^^^^^^^^^^^^^^^^^^^^^^^^^^^^^^^^^^^^^^^^^^^^^^^^^^^^^^^^^^^^^^^^^^^^^^^^^^^^^^^^^^^^^^^^^^^^^^^^^^
39 | _("%s of %s", count + 1, total)
40 | _(
   |
help: Convert to named placeholders passed as keyword arguments
   |
37 | _("closure %s already exists for %s", refundable_closures[0].name, operation.name)
   - _("%s must have a coverage greater than 0%% and up to %s%%", line.name, line.program_id.coverage * 100)
38 + _(
39 +     "%(line_name)s must have a coverage greater than 0%% and up to "
40 +     "%(line_program_id_coverage)s%%",
41 +     line_name=line.name,
42 +     line_program_id_coverage=line.program_id.coverage * 100,
43 + )
44 | _("%s of %s", count + 1, total)
   |
note: This is an unsafe fix and may change runtime behavior

ODW8120 [*] Translation method is using positional string printf formatting with multiple arguments. Use named placeholders instead
  --> translation_positional_used.py:39:1
   |
37 | _("closure %s already exists for %s", refundable_closures[0].name, operation.name)
38 | _("%s must have a coverage greater than 0%% and up to %s%%", line.name, line.program_id.coverage * 100)
39 | _("%s of %s", count + 1, total)
   | ^^^^^^^^^^^^^^^^^^^^^^^^^^^^^^^
40 | _(
41 |     "Failed to parse dates for absence %s (Start: %s, End: %s)",
   |
help: Convert to named placeholders passed as keyword arguments
   |
38 | _("%s must have a coverage greater than 0%% and up to %s%%", line.name, line.program_id.coverage * 100)
   - _("%s of %s", count + 1, total)
39 + _("%(count)s of %(total)s", count=count + 1, total=total)
40 | _(
   |
note: This is an unsafe fix and may change runtime behavior

ODW8120 [*] Translation method is using positional string printf formatting with multiple arguments. Use named placeholders instead
  --> translation_positional_used.py:40:1
   |
38 |   _("%s must have a coverage greater than 0%% and up to %s%%", line.name, line.program_id.coverage * 100)
39 |   _("%s of %s", count + 1, total)
40 | / _(
41 | |     "Failed to parse dates for absence %s (Start: %s, End: %s)",
42 | |     hcm_id_leave,
43 | |     oracle_leave.get("startDateTime"),
44 | |     oracle_leave.get("endDateTime"),
45 | | )
   | |_^
46 |   _("Replacement of %s: %s", record.name, datetime.now().strftime("%d/%m/%Y %H:%M:%S"))
47 |   _("adjustment of %s by %s", line.name, f"{entry_amount:,.2f}")
   |
help: Convert to named placeholders passed as keyword arguments
   |
40 | _(
   -     "Failed to parse dates for absence %s (Start: %s, End: %s)",
   -     hcm_id_leave,
   -     oracle_leave.get("startDateTime"),
   -     oracle_leave.get("endDateTime"),
41 +     "Failed to parse dates for absence %(hcm_id_leave)s (Start: %(startDateTime)s, "
42 +     "End: %(endDateTime)s)",
43 +     hcm_id_leave=hcm_id_leave,
44 +     startDateTime=oracle_leave.get("startDateTime"),
45 +     endDateTime=oracle_leave.get("endDateTime"),
46 | )
   |
note: This is an unsafe fix and may change runtime behavior

ODW8120 [*] Translation method is using positional string printf formatting with multiple arguments. Use named placeholders instead
  --> translation_positional_used.py:46:1
   |
44 |     oracle_leave.get("endDateTime"),
45 | )
46 | _("Replacement of %s: %s", record.name, datetime.now().strftime("%d/%m/%Y %H:%M:%S"))
   | ^^^^^^^^^^^^^^^^^^^^^^^^^^^^^^^^^^^^^^^^^^^^^^^^^^^^^^^^^^^^^^^^^^^^^^^^^^^^^^^^^^^^^
47 | _("adjustment of %s by %s", line.name, f"{entry_amount:,.2f}")
   |
help: Convert to named placeholders passed as keyword arguments
   |
45 | )
   - _("Replacement of %s: %s", record.name, datetime.now().strftime("%d/%m/%Y %H:%M:%S"))
46 + _(
47 +     "Replacement of %(record_name)s: %(datetime_now_strftime)s",
48 +     record_name=record.name,
49 +     datetime_now_strftime=datetime.now().strftime("%d/%m/%Y %H:%M:%S"),
50 + )
51 | _("adjustment of %s by %s", line.name, f"{entry_amount:,.2f}")
   |
note: This is an unsafe fix and may change runtime behavior

ODW8120 [*] Translation method is using positional string printf formatting with multiple arguments. Use named placeholders instead
  --> translation_positional_used.py:47:1
   |
45 | )
46 | _("Replacement of %s: %s", record.name, datetime.now().strftime("%d/%m/%Y %H:%M:%S"))
47 | _("adjustment of %s by %s", line.name, f"{entry_amount:,.2f}")
   | ^^^^^^^^^^^^^^^^^^^^^^^^^^^^^^^^^^^^^^^^^^^^^^^^^^^^^^^^^^^^^^
48 |
49 | # A literal '%' before punctuation is not a printf conversion: no diagnostic at all.
   |
help: Convert to named placeholders passed as keyword arguments
   |
46 | _("Replacement of %s: %s", record.name, datetime.now().strftime("%d/%m/%Y %H:%M:%S"))
   - _("adjustment of %s by %s", line.name, f"{entry_amount:,.2f}")
47 + _(
48 +     "adjustment of %(line_name)s by %(entry_amount)s",
49 +     line_name=line.name,
50 +     entry_amount=f"{entry_amount:,.2f}",
51 + )
52 |
   |
note: This is an unsafe fix and may change runtime behavior

ODW8120 Translation method is using positional string printf formatting with multiple arguments. Use named placeholders instead
  --> translation_positional_used.py:53:1
   |
52 | # Not fixable: the values are interpolated outside the call.
53 | _("%s of %s") % (count, total)
   | ^^^^^^^^^^^^^
54 | # Not fixable: no identifier anywhere in the argument.
55 | _("%s of %s", 42, total)
   |
help: Convert to named placeholders passed as keyword arguments

ODW8120 Translation method is using positional string printf formatting with multiple arguments. Use named placeholders instead
  --> translation_positional_used.py:55:1
   |
53 | _("%s of %s") % (count, total)
54 | # Not fixable: no identifier anywhere in the argument.
55 | _("%s of %s", 42, total)
   | ^^^^^^^^^^^^^^^^^^^^^^^^
56 | # Not fixable: argument count doesn't match the placeholder count.
57 | _("%s of %s", count)
   |
help: Convert to named placeholders passed as keyword arguments

ODW8120 Translation method is using positional string printf formatting with multiple arguments. Use named placeholders instead
  --> translation_positional_used.py:57:1
   |
55 | _("%s of %s", 42, total)
56 | # Not fixable: argument count doesn't match the placeholder count.
57 | _("%s of %s", count)
   | ^^^^^^^^^^^^^^^^^^^^
58 | # Not fixable: distinct expressions colliding on the same derived name.
59 | _("%s of %s", a.b, a_b)
   |
help: Convert to named placeholders passed as keyword arguments

ODW8120 Translation method is using positional string printf formatting with multiple arguments. Use named placeholders instead
  --> translation_positional_used.py:59:1
   |
57 | _("%s of %s", count)
58 | # Not fixable: distinct expressions colliding on the same derived name.
59 | _("%s of %s", a.b, a_b)
   | ^^^^^^^^^^^^^^^^^^^^^^^
60 | # Not fixable: keyword arguments already present.
61 | _("%s of %s", count, total=total)
   |
help: Convert to named placeholders passed as keyword arguments

ODW8120 Translation method is using positional string printf formatting with multiple arguments. Use named placeholders instead
  --> translation_positional_used.py:61:1
   |
59 | _("%s of %s", a.b, a_b)
60 | # Not fixable: keyword arguments already present.
61 | _("%s of %s", count, total=total)
   | ^^^^^^^^^^^^^^^^^^^^^^^^^^^^^^^^^
62 |
63 | # One-line rewrite would exceed the line length: expand the call, one argument per line.
   |
help: Convert to named placeholders passed as keyword arguments

ODW8120 [*] Translation method is using positional string printf formatting with multiple arguments. Use named placeholders instead
  --> translation_positional_used.py:66:31
   |
64 | …
65 | …
66 | …rror(_("Automated activity creation failed for stage %s on opportunity %s", self.stage_id.display_name, self.opportunity_id.display_name))
   |       ^^^^^^^^^^^^^^^^^^^^^^^^^^^^^^^^^^^^^^^^^^^^^^^^^^^^^^^^^^^^^^^^^^^^^^^^^^^^^^^^^^^^^^^^^^^^^^^^^^^^^^^^^^^^^^^^^^^^^^^^^^^^^^^^^^^^
67 | …
68 | …m alone still exceeds the line length: wrap it into pieces too.
   |
help: Convert to named placeholders passed as keyword arguments
   |
65 |     if failed:
   -         raise ValidationError(_("Automated activity creation failed for stage %s on opportunity %s", self.stage_id.display_name, self.opportunity_id.display_name))
66 +         raise ValidationError(_(
67 +             "Automated activity creation failed for stage %(stage_id_display_name)s "
68 +             "on opportunity %(opportunity_id_display_name)s",
69 +             stage_id_display_name=self.stage_id.display_name,
70 +             opportunity_id_display_name=self.opportunity_id.display_name,
71 +         ))
72 |
   |
note: This is an unsafe fix and may change runtime behavior

ODW8120 [*] Translation method is using positional string printf formatting with multiple arguments. Use named placeholders instead
  --> translation_positional_used.py:70:21
   |
68 | … whose term alone still exceeds the line length: wrap it into pieces too.
69 | …(self):
70 | …rror(_("The configured quota %s for the salesperson team %s was exceeded by the current invoiced amount and the remaining allowance %s cannot cover it", quota.name, team.display_name, remaining.amount))
   |       ^^^^^^^^^^^^^^^^^^^^^^^^^^^^^^^^^^^^^^^^^^^^^^^^^^^^^^^^^^^^^^^^^^^^^^^^^^^^^^^^^^^^^^^^^^^^^^^^^^^^^^^^^^^^^^^^^^^^^^^^^^^^^^^^^^^^^^^^^^^^^^^^^^^^^^^^^^^^^^^^^^^^^^^^^^^^^^^^^^^^^^^^^^^^^^^^^^^^
help: Convert to named placeholders passed as keyword arguments
   |
69 | def check_quota(self):
   -     raise UserError(_("The configured quota %s for the salesperson team %s was exceeded by the current invoiced amount and the remaining allowance %s cannot cover it", quota.name, team.display_name, remaining.amount))
70 +     raise UserError(_(
71 +         "The configured quota %(quota_name)s for the salesperson team "
72 +         "%(team_display_name)s was exceeded by the current invoiced amount and the "
73 +         "remaining allowance %(remaining_amount)s cannot cover it",
74 +         quota_name=quota.name,
75 +         team_display_name=team.display_name,
76 +         remaining_amount=remaining.amount,
77 +     ))
78 |
   |
note: This is an unsafe fix and may change runtime behavior

ODW8120 [*] Translation method is using positional string printf formatting with multiple arguments. Use named placeholders instead
  --> translation_positional_used.py:77:9
   |
75 |   def unmerge(self):
76 |       _logger.info(
77 | /         self.env._(
78 | |             "Unmerged partnerx %s into %s", self.dst_partner_id.id, self.partner_ids.ids
79 | |         )
   | |_________^
80 |       )
   |
help: Convert to named placeholders passed as keyword arguments
   |
77 |         self.env._(
   -             "Unmerged partnerx %s into %s", self.dst_partner_id.id, self.partner_ids.ids
78 +             "Unmerged partnerx %(dst_partner_id_id)s into %(partner_ids_ids)s",
79 +             dst_partner_id_id=self.dst_partner_id.id,
80 +             partner_ids_ids=self.partner_ids.ids,
81 |         )
   |
note: This is an unsafe fix and may change runtime behavior

ODW8120 Translation method is using positional string printf formatting with multiple arguments. Use named placeholders instead
  --> translation_positional_used.py:83:1
   |
82 | # Not fixable: the interpolation happens inside the call itself.
83 | _("Variables not translatable: %s, %s" % (variable1, variable2))
   | ^^^^^^^^^^^^^^^^^^^^^^^^^^^^^^^^^^^^^^^^^^^^^^^^^^^^^^^^^^^^^^^^
84 | self.env._("Variables not translatable: %s, %s" % (variable1, variable2))
85 | _lt("Variables not translatable: %s, %s" % (variable1, variable2))
   |
help: Convert to named placeholders passed as keyword arguments

ODW8120 Translation method is using positional string printf formatting with multiple arguments. Use named placeholders instead
  --> translation_positional_used.py:84:1
   |
82 | # Not fixable: the interpolation happens inside the call itself.
83 | _("Variables not translatable: %s, %s" % (variable1, variable2))
84 | self.env._("Variables not translatable: %s, %s" % (variable1, variable2))
   | ^^^^^^^^^^^^^^^^^^^^^^^^^^^^^^^^^^^^^^^^^^^^^^^^^^^^^^^^^^^^^^^^^^^^^^^^^
85 | _lt("Variables not translatable: %s, %s" % (variable1, variable2))
86 | _("multi-positional args without placeholders {} {}".format("param1", "param2"))
   |
help: Convert to named placeholders passed as keyword arguments

ODW8120 Translation method is using positional string printf formatting with multiple arguments. Use named placeholders instead
  --> translation_positional_used.py:85:1
   |
83 | _("Variables not translatable: %s, %s" % (variable1, variable2))
84 | self.env._("Variables not translatable: %s, %s" % (variable1, variable2))
85 | _lt("Variables not translatable: %s, %s" % (variable1, variable2))
   | ^^^^^^^^^^^^^^^^^^^^^^^^^^^^^^^^^^^^^^^^^^^^^^^^^^^^^^^^^^^^^^^^^^
86 | _("multi-positional args without placeholders {} {}".format("param1", "param2"))
87 | self.env._("multi-positional args without placeholders {} {}".format("param1", "param2"))
   |
help: Convert to named placeholders passed as keyword arguments

ODW8120 Translation method is using positional string printf formatting with multiple arguments. Use named placeholders instead
  --> translation_positional_used.py:86:1
   |
84 | self.env._("Variables not translatable: %s, %s" % (variable1, variable2))
85 | _lt("Variables not translatable: %s, %s" % (variable1, variable2))
86 | _("multi-positional args without placeholders {} {}".format("param1", "param2"))
   | ^^^^^^^^^^^^^^^^^^^^^^^^^^^^^^^^^^^^^^^^^^^^^^^^^^^^^^^^^^^^^^^^^^^^^^^^^^^^^^^^
87 | self.env._("multi-positional args without placeholders {} {}".format("param1", "param2"))
88 | _lt("multi-positional args without placeholders {} {}".format("param1", "param2"))
   |
help: Convert to named placeholders passed as keyword arguments

ODW8120 Translation method is using positional string printf formatting with multiple arguments. Use named placeholders instead
  --> translation_positional_used.py:87:1
   |
85 | _lt("Variables not translatable: %s, %s" % (variable1, variable2))
86 | _("multi-positional args without placeholders {} {}".format("param1", "param2"))
87 | self.env._("multi-positional args without placeholders {} {}".format("param1", "param2"))
   | ^^^^^^^^^^^^^^^^^^^^^^^^^^^^^^^^^^^^^^^^^^^^^^^^^^^^^^^^^^^^^^^^^^^^^^^^^^^^^^^^^^^^^^^^^
88 | _lt("multi-positional args without placeholders {} {}".format("param1", "param2"))
   |
help: Convert to named placeholders passed as keyword arguments

ODW8120 Translation method is using positional string printf formatting with multiple arguments. Use named placeholders instead
  --> translation_positional_used.py:88:1
   |
86 | _("multi-positional args without placeholders {} {}".format("param1", "param2"))
87 | self.env._("multi-positional args without placeholders {} {}".format("param1", "param2"))
88 | _lt("multi-positional args without placeholders {} {}".format("param1", "param2"))
   | ^^^^^^^^^^^^^^^^^^^^^^^^^^^^^^^^^^^^^^^^^^^^^^^^^^^^^^^^^^^^^^^^^^^^^^^^^^^^^^^^^^
help: Convert to named placeholders passed as keyword arguments

ODW8120 [*] Translation method is using positional string printf formatting with multiple arguments. Use named placeholders instead
  --> translation_positional_used.py:94:5
   |
92 | # and every method of a model reads its values off `self`.
93 | def report(self):
94 |     _("%s owes %s", self.partner_id.name, self.amount_total)
   |     ^^^^^^^^^^^^^^^^^^^^^^^^^^^^^^^^^^^^^^^^^^^^^^^^^^^^^^^^
help: Convert to named placeholders passed as keyword arguments
   |
93 | def report(self):
   -     _("%s owes %s", self.partner_id.name, self.amount_total)
94 +     _(
95 +         "%(partner_id_name)s owes %(amount_total)s",
96 +         partner_id_name=self.partner_id.name,
97 +         amount_total=self.amount_total,
98 +     )
99 |
   |
note: This is an unsafe fix and may change runtime behavior

ODW8120 [*] Translation method is using positional string printf formatting with multiple arguments. Use named placeholders instead
   --> translation_positional_used.py:100:5
    |
 98 | # placeholder: `self.name` and `name` must stay distinct.
 99 | def compare(self, name):
100 |     _("%s vs %s", self.name, name)
    |     ^^^^^^^^^^^^^^^^^^^^^^^^^^^^^^
help: Convert to named placeholders passed as keyword arguments
    |
99  | def compare(self, name):
    -     _("%s vs %s", self.name, name)
100 +     _("%(self_name)s vs %(name)s", self_name=self.name, name=name)
    |
note: This is an unsafe fix and may change runtime behavior
