---
source: crates/ruff_linter/src/rules/odoo/mod.rs
---
ODW8111 Field parameter "digits_compute" is no longer supported. Use "digits" instead.
 --> renamed_field_parameter.py:4:27
  |
2 |     _inherit = "my.model"
3 |
4 |     amount = fields.Float(digits_compute=precision)
  |                           ^^^^^^^^^^^^^^^^^^^^^^^^
5 |     ref = fields.Char(select=True)
6 |     name = fields.Char(index=True)
  |

ODW8111 Field parameter "select" is no longer supported. Use "index" instead.
 --> renamed_field_parameter.py:5:23
  |
4 |     amount = fields.Float(digits_compute=precision)
5 |     ref = fields.Char(select=True)
  |                       ^^^^^^^^^^^
6 |     name = fields.Char(index=True)
  |
