---
source: crates/ruff_linter/src/rules/odoo/mod.rs
---
ODOO032 Use string method name `"_compute_total"` to preserve inheritability
 --> ODOO032.py:4:34
  |
2 |     _inherit = "my.model"
3 |
4 |     total = fields.Float(compute=_compute_total)
  |                                  ^^^^^^^^^^^^^^
5 |     other = fields.Float(compute="_compute_other")
  |
