---
source: crates/ruff_linter/src/rules/odoo/mod.rs
---
ODOO014 Website "example.com" in manifest key is not a valid URI
 --> __manifest__.py:3:5
  |
1 | {
2 |     "name": "My Module",
3 |     "website": "example.com",
  |     ^^^^^^^^^
4 | }
  |

ODOO014 Website "https://odoo-community.org,https://odoo.com" in manifest key is not a valid URI
  --> __manifest__.py:13:5
   |
11 | {
12 |     "name": "My Third Module",
13 |     "website": "https://odoo-community.org,https://odoo.com",
   |     ^^^^^^^^^
14 | }
   |
