---
source: crates/ruff_linter/src/rules/odoo/mod.rs
---
ODOO008 One of the following authors must be present in manifest: 'Odoo Community Association (OCA)'
 --> __manifest__.py:3:5
  |
1 | {
2 |     "name": "My Module",
3 |     "author": "Someone Else",
  |     ^^^^^^^^
4 | }
  |

ODOO008 One of the following authors must be present in manifest: 'Odoo Community Association (OCA)'
  --> __manifest__.py:12:5
   |
11 | {
12 |     "name": "Module Missing Author",
   |     ^^^^^^
13 | }
   |
