---
source: crates/ruff_linter/src/rules/odoo/mod.rs
---
ODOO002 [*] Deprecated key "description" in manifest file
 --> __manifest__.py:2:5
  |
1 | {
2 |     "description": "Does things.",
  |     ^^^^^^^^^^^^^
3 |     "name": "First",
4 | }
  |
help: Remove deprecated key "description"
  |
1 | {
  -     "description": "Does things.",
2 |     "name": "First",
  |

ODOO002 [*] Deprecated key "description" in manifest file
 --> __manifest__.py:8:5
  |
6 | {
7 |     "name": "Second",
8 |     "description": "Does things.",
  |     ^^^^^^^^^^^^^
9 | }
  |
help: Remove deprecated key "description"
  |
7 |     "name": "Second",
  -     "description": "Does things.",
8 | }
  |

ODOO002 [*] Deprecated key "description" in manifest file
  --> __manifest__.py:12:5
   |
11 | {
12 |     "description": "Does things.",
   |     ^^^^^^^^^^^^^
13 | }
   |
help: Remove deprecated key "description"
   |
11 | {
   -     "description": "Does things.",
12 +     
13 | }
   |

ODOO002 [*] Deprecated key "description" in manifest file
  --> __manifest__.py:21:5
   |
19 | {
20 |     "name": "Multiline Description",
21 |     "description": """
   |     ^^^^^^^^^^^^^
22 |         A long legacy description spanning
23 |         several lines: the diagnostic must point at the key,
   |
help: Remove deprecated key "description"
   |
20 |     "name": "Multiline Description",
   -     "description": """
   -         A long legacy description spanning
   -         several lines: the diagnostic must point at the key,
   -         not highlight this whole block.
   -     """,
21 | }
   |
