---
source: crates/ruff_linter/src/rules/odoo/mod.rs
---
ODW8161 Better using self.env._
 --> prefer_env_translation.py:5:16
  |
4 | # No fix: `self.env` needs a `self`, and there is none out here.
5 | MODULE_LEVEL = _("at module level")
  |                ^
help: Replace with `self.env._`

ODW8161 Better using self.env._
 --> prefer_env_translation.py:9:12
  |
8 | def outside_a_class():
9 |     return _("in a plain function")
  |            ^
help: Replace with `self.env._`

ODW8161 Better using self.env._
  --> prefer_env_translation.py:15:16
   |
13 |     def method(self):
14 |         # No fix: the class is not an Odoo one, so its `self` carries no `env`.
15 |         return _("in a plain class")
   |                ^
help: Replace with `self.env._`

ODW8161 Better using self.env._
  --> prefer_env_translation.py:22:13
   |
21 |     # No fix: a call in the class body is an attribute, not a method.
22 |     LABEL = _("class attribute")
   |             ^
23 |
24 |     def my_method(self):
   |
help: Replace with `self.env._`

ODW8161 [*] Better using self.env._
  --> prefer_env_translation.py:25:16
   |
24 |     def my_method(self):
25 |         return _("old translated")
   |                ^
26 |
27 |     def other_method(self):
   |
help: Replace with `self.env._`
   |
24 |     def my_method(self):
   -         return _("old translated")
25 +         return self.env._("old translated")
26 |
   |

ODW8161 [*] Better using self.env._
  --> prefer_env_translation.py:28:16
   |
27 |     def other_method(self):
28 |         return _lt("also old")
   |                ^^^
29 |
30 |     def imported_under_another_name(self):
   |
help: Replace with `self.env._`
   |
27 |     def other_method(self):
   -         return _lt("also old")
28 +         return self.env._("also old")
29 |
   |

ODW8161 [*] Better using self.env._
  --> prefer_env_translation.py:32:16
   |
30 |     def imported_under_another_name(self):
31 |         # What the function resolves to is what matters, not what it is called here.
32 |         return lt("aliased import")
   |                ^^
33 |
34 |     def nested_calls(self):
   |
help: Replace with `self.env._`
   |
31 |         # What the function resolves to is what matters, not what it is called here.
   -         return lt("aliased import")
32 +         return self.env._("aliased import")
33 |
   |

ODW8161 [*] Better using self.env._
  --> prefer_env_translation.py:35:16
   |
34 |     def nested_calls(self):
35 |         return _("outer %s", _("inner"))
   |                ^
36 |
37 |     def already_fixed(self):
   |
help: Replace with `self.env._`
   |
34 |     def nested_calls(self):
   -         return _("outer %s", _("inner"))
35 +         return self.env._("outer %s", _("inner"))
36 |
   |

ODW8161 [*] Better using self.env._
  --> prefer_env_translation.py:35:30
   |
34 |     def nested_calls(self):
35 |         return _("outer %s", _("inner"))
   |                              ^
36 |
37 |     def already_fixed(self):
   |
help: Replace with `self.env._`
   |
34 |     def nested_calls(self):
   -         return _("outer %s", _("inner"))
35 +         return _("outer %s", self.env._("inner"))
36 |
   |

ODW8161 Better using self.env._
  --> prefer_env_translation.py:42:16
   |
40 |     @staticmethod
41 |     def static_method():
42 |         return _("no self")
   |                ^
43 |
44 |     def nested_function(self):
   |
help: Replace with `self.env._`

ODW8161 Better using self.env._
  --> prefer_env_translation.py:46:20
   |
44 |     def nested_function(self):
45 |         def inner():
46 |             return _("no self in the inner function")
   |                    ^
47 |
48 |         return inner
   |
help: Replace with `self.env._`
