---
source: crates/ruff_linter/src/rules/odoo/mod.rs
---
ODOO011 The maintainers key in the manifest file must be a list of strings
 --> __manifest__.py:3:5
  |
1 | {
2 |     "name": "My Module",
3 |     "maintainers": "someone",
  |     ^^^^^^^^^^^^^
4 | }
  |

ODOO011 The maintainers key in the manifest file must be a list of strings
 --> __manifest__.py:8:5
  |
6 | {
7 |     "name": "My Other Module",
8 |     "maintainers": ["someone", 42],
  |     ^^^^^^^^^^^^^
9 | }
  |
