---
source: crates/ruff_linter/src/rules/odoo/mod.rs
---
ODOO037 fields_view_get has been deprecated by Odoo. Please look for alternatives.
 --> ODOO037.py:7:9
  |
5 |     _inherit = "my.model"
6 |
7 |     def fields_view_get(self, view_id=None, view_type="form", **kwargs):
  |         ^^^^^^^^^^^^^^^
8 |         return {}
  |
