---
source: crates/ruff_linter/src/rules/odoo/mod.rs
---
ODOOAPP002 Missing missing/static/description/index.html file for modules with price
 --> __manifest__.py:3:5
  |
1 | # Paid app without static/description/index.html: flagged.
2 | {
3 |     "name": "Missing index app",
  |     ^^^^^^
4 |     "price": 100,
5 | }
  |
