---
source: crates/ruff_linter/src/rules/odoo/mod.rs
---
ODW8106 Missing `super` call in "unlink" method
  --> pylint_disable_comment_standalone.py:13:9
   |
11 |     _inherit = "sale.order"
12 |
13 |     def unlink(self):
   |         ^^^^^^
14 |         # pylint: disable=method-required-super
15 |         # The pragma is the first line of the body, so it also covers the `def` header,
   |

ODC8502 [*] `pylint: disable` comment should be migrated to `# ruff: ignore[method-required-super]`
  --> pylint_disable_comment_standalone.py:14:9
   |
13 |     def unlink(self):
14 |         # pylint: disable=method-required-super
   |         ^^^^^^^^^^^^^^^^^^^^^^^^^^^^^^^^^^^^^^^
15 |         # The pragma is the first line of the body, so it also covers the `def` header,
16 |         # which is where `method-required-super` is reported.
   |
help: Replace with `# ruff: ignore[method-required-super]`
   |
12 |
13 +     # ruff: disable[method-required-super]
14 |     def unlink(self):
   -         # pylint: disable=method-required-super
15 |         # The pragma is the first line of the body, so it also covers the `def` header,
16 |         # which is where `method-required-super` is reported.
17 |         return True
18 +     # ruff: enable[method-required-super]
19 |
   |

ODC8502 [*] `pylint: disable` comment should be migrated to `# ruff: ignore[context-overridden]`
  --> pylint_disable_comment_standalone.py:20:9
   |
19 |     def create_address(self, values):
20 |         # pylint: disable=context-overridden
   |         ^^^^^^^^^^^^^^^^^^^^^^^^^^^^^^^^^^^^
21 |         context = {"lang": "en_US"}
22 |         return self.env["res.partner"].with_context(context).create(values)
   |
help: Replace with `# ruff: ignore[context-overridden]`
   |
18 |
19 +     # ruff: disable[context-overridden]
20 |     def create_address(self, values):
   -         # pylint: disable=context-overridden
21 |         context = {"lang": "en_US"}
22 |         return self.env["res.partner"].with_context(context).create(values)
23 +     # ruff: enable[context-overridden]
24 |
   |

ODW8121 Context overridden using dict. Better using kwargs `with_context(**context)` or `with_context(key=value)`
  --> pylint_disable_comment_standalone.py:22:16
   |
20 |         # pylint: disable=context-overridden
21 |         context = {"lang": "en_US"}
22 |         return self.env["res.partner"].with_context(context).create(values)
   |                ^^^^^^^^^^^^^^^^^^^^^^^^^^^^^^^^^^^^^^^^^^^^^
23 |
24 |     def obsolete(self):
   |

ODC8502 [*] `pylint: disable` comment should be migrated to `# ruff: ignore[invalid-commit]`
  --> pylint_disable_comment_standalone.py:25:9
   |
24 |     def obsolete(self):
25 |         # pylint: disable=invalid-commit
   |         ^^^^^^^^^^^^^^^^^^^^^^^^^^^^^^^^
26 |         # Nothing in this block commits, so the pragma only has to be removed.
27 |         return True
   |
help: Replace with `# ruff: ignore[invalid-commit]`
   |
23 |
24 +     # ruff: disable[invalid-commit]
25 |     def obsolete(self):
   -         # pylint: disable=invalid-commit
26 |         # Nothing in this block commits, so the pragma only has to be removed.
27 |         return True
28 +     # ruff: enable[invalid-commit]
29 |
   |

ODC8502 [*] `pylint: disable` comment should be migrated to `# ruff: ignore[invalid-commit]`
  --> pylint_disable_comment_standalone.py:30:9
   |
29 |     def already_suppressed(self):
30 |         # pylint: disable=invalid-commit
   |         ^^^^^^^^^^^^^^^^^^^^^^^^^^^^^^^^
31 |         self.env.cr.commit()  # noqa: ODE8102
   |
help: Replace with `# ruff: ignore[invalid-commit]`
   |
28 |
29 +     # ruff: disable[invalid-commit]
30 |     def already_suppressed(self):
   -         # pylint: disable=invalid-commit
31 |         self.env.cr.commit()  # noqa: ODE8102
32 +     # ruff: enable[invalid-commit]
33 |
   |

ODC8502 [*] `pylint: disable` comment should be migrated to `# ruff: ignore[invalid-commit]`
  --> pylint_disable_comment_standalone.py:34:9
   |
33 |     def partially_mapped(self):
34 |         # pylint: disable=invalid-commit,some-custom-check
   |         ^^^^^^^^^^^^^^^^^^^^^^^^^^^^^^^^^^^^^^^^^^^^^^^^^^
35 |         self.env.cr.commit()
   |
help: Replace with `# ruff: ignore[invalid-commit]`
   |
32 |
33 +     # ruff: disable[invalid-commit]
34 |     def partially_mapped(self):
   -         # pylint: disable=invalid-commit,some-custom-check
35 +         # pylint: disable=some-custom-check
36 |         self.env.cr.commit()
37 +     # ruff: enable[invalid-commit]
38 |
   |

ODE8102 Use of cr.commit() directly
  --> pylint_disable_comment_standalone.py:35:9
   |
33 |     def partially_mapped(self):
34 |         # pylint: disable=invalid-commit,some-custom-check
35 |         self.env.cr.commit()
   |         ^^^^^^^^^^^^^^^^^^^^
36 |
37 |     def disable_next(self):
   |

ODC8502 [*] `pylint: disable` comment should be migrated to `# ruff: ignore[invalid-commit]`
  --> pylint_disable_comment_standalone.py:38:9
   |
37 |     def disable_next(self):
38 |         # pylint: disable-next=invalid-commit
   |         ^^^^^^^^^^^^^^^^^^^^^^^^^^^^^^^^^^^^^
39 |         self.env.cr.commit()
40 |         self.env.cr.commit()
   |
help: Replace with `# ruff: ignore[invalid-commit]`
   |
37 |     def disable_next(self):
   -         # pylint: disable-next=invalid-commit
38 +         # ruff: ignore[invalid-commit]
39 |         self.env.cr.commit()
   |

ODE8102 Use of cr.commit() directly
  --> pylint_disable_comment_standalone.py:39:9
   |
37 |     def disable_next(self):
38 |         # pylint: disable-next=invalid-commit
39 |         self.env.cr.commit()
   |         ^^^^^^^^^^^^^^^^^^^^
40 |         self.env.cr.commit()
   |

ODE8102 Use of cr.commit() directly
  --> pylint_disable_comment_standalone.py:40:9
   |
38 |         # pylint: disable-next=invalid-commit
39 |         self.env.cr.commit()
40 |         self.env.cr.commit()
   |         ^^^^^^^^^^^^^^^^^^^^

ODC8502 [*] `pylint: disable` comment should be migrated to `# ruff: ignore[invalid-commit]`
  --> pylint_disable_comment_standalone.py:47:1
   |
45 | # pylint's global disable, and the rewrite leaves the `# ruff: disable` unclosed to match:
46 | # no `# ruff: enable` is appended at the end of the file.
47 | # pylint: disable=invalid-commit
   | ^^^^^^^^^^^^^^^^^^^^^^^^^^^^^^^^
48 | def module_level(cr):
49 |     cr.commit()
   |
help: Replace with `# ruff: ignore[invalid-commit]`
   |
46 | # no `# ruff: enable` is appended at the end of the file.
   - # pylint: disable=invalid-commit
47 + # ruff: disable[invalid-commit]
48 | def module_level(cr):
   |

ODE8102 Use of cr.commit() directly
  --> pylint_disable_comment_standalone.py:49:5
   |
47 | # pylint: disable=invalid-commit
48 | def module_level(cr):
49 |     cr.commit()
   |     ^^^^^^^^^^^

ODE8102 Use of cr.commit() directly
  --> pylint_disable_comment_standalone.py:53:5
   |
52 | def also_covered(cr):
53 |     cr.commit()
   |     ^^^^^^^^^^^

ODC8502 [*] `pylint: disable` comment should be migrated to `# ruff: ignore[invalid-commit]`
  --> pylint_disable_comment_standalone.py:59:1
   |
57 | # line of its own, since Ruff only reads a suppression trailing other text when it is a
58 | # `ruff: ignore`, and `invalid-suppression-comment` would delete a `disable` written there.
59 | # pylint: disable=invalid-commit,some-custom-check
   | ^^^^^^^^^^^^^^^^^^^^^^^^^^^^^^^^^^^^^^^^^^^^^^^^^^
60 | def kept_pragma_at_module_level(cr):
61 |     cr.commit()
   |
help: Replace with `# ruff: ignore[invalid-commit]`
   |
58 | # `ruff: ignore`, and `invalid-suppression-comment` would delete a `disable` written there.
   - # pylint: disable=invalid-commit,some-custom-check
59 + # pylint: disable=some-custom-check
60 + # ruff: disable[invalid-commit]
61 | def kept_pragma_at_module_level(cr):
   |

ODE8102 Use of cr.commit() directly
  --> pylint_disable_comment_standalone.py:61:5
   |
59 | # pylint: disable=invalid-commit,some-custom-check
60 | def kept_pragma_at_module_level(cr):
61 |     cr.commit()
   |     ^^^^^^^^^^^
