---
source: crates/ruff_linter/src/rules/odoo/mod.rs
---
ODE8148 Use `default=lambda self: self._default_company()` to preserve inheritability
 --> inheritable_method_lambda.py:4:57
  |
2 |     _inherit = "my.model"
3 |
4 |     company_id = fields.Many2one("res.company", default=_default_company)
  |                                                         ^^^^^^^^^^^^^^^^
5 |     user_id = fields.Many2one("res.users", default=lambda self: self.env.user)
  |
