---
source: crates/ruff_linter/src/rules/odoo/mod.rs
---
ODOO021 attribute "_defaults" deprecated
 --> ODOO021.py:4:5
  |
2 |     _inherit = "my.model"
3 |
4 |     _defaults = {"active": True}
  |     ^^^^^^^^^^^^^^^^^^^^^^^^^^^^
5 |     _columns = {}
6 |     length = 10
  |

ODOO021 attribute "_columns" deprecated
 --> ODOO021.py:5:5
  |
4 |     _defaults = {"active": True}
5 |     _columns = {}
  |     ^^^^^^^^^^^^^
6 |     length = 10
7 |     normal_attr = 5
  |

ODOO021 attribute "length" deprecated
 --> ODOO021.py:6:5
  |
4 |     _defaults = {"active": True}
5 |     _columns = {}
6 |     length = 10
  |     ^^^^^^^^^^^
7 |     normal_attr = 5
  |
