---
source: crates/ruff_linter/src/rules/odoo/mod.rs
---
ODE8305 Too many arguments for odoo._ format string
 --> translation_too_many_args.py:6:9
  |
4 | class Model:
5 |     def method(self, var, name):
6 |         _("Hello %s", var, name)  # ODE8305
  |         ^^^^^^^^^^^^^^^^^^^^^^^^
7 |         self.env._("Hello", var)  # ODE8305
8 |         _("Hello %%", var)  # ODE8305 (`%%` does not consume a value)
  |

ODE8305 Too many arguments for odoo._ format string
 --> translation_too_many_args.py:7:9
  |
5 |     def method(self, var, name):
6 |         _("Hello %s", var, name)  # ODE8305
7 |         self.env._("Hello", var)  # ODE8305
  |         ^^^^^^^^^^^^^^^^^^^^^^^^
8 |         _("Hello %%", var)  # ODE8305 (`%%` does not consume a value)
  |

ODE8305 Too many arguments for odoo._ format string
  --> translation_too_many_args.py:8:9
   |
 6 |         _("Hello %s", var, name)  # ODE8305
 7 |         self.env._("Hello", var)  # ODE8305
 8 |         _("Hello %%", var)  # ODE8305 (`%%` does not consume a value)
   |         ^^^^^^^^^^^^^^^^^^
 9 |
10 |         # No diagnostic: counts match.
   |
