---
source: crates/ruff_linter/src/rules/odoo/mod.rs
---
ODW8502 `check_access_rights` was removed in Odoo 20.0 (deprecated since 18.0). Use `check_access` instead, or `has_access` where a boolean is needed; an override belongs in `_check_access`, or `_access_domain` from 20.0.
  --> deprecated_odoo_method_call.py:8:14
   |
 7 |     def deprecated_in_18(self):
 8 |         self.check_access_rights("read")
   |              ^^^^^^^^^^^^^^^^^^^
 9 |         self.check_access_rule("write")
10 |         self._filter_access_rules("read")
   |

ODW8502 [*] `check_access_rule` was removed in Odoo 20.0 (deprecated since 18.0). Use `check_access` instead; an override belongs in `_check_access`, or `_access_domain` from 20.0.
  --> deprecated_odoo_method_call.py:9:14
   |
 7 |     def deprecated_in_18(self):
 8 |         self.check_access_rights("read")
 9 |         self.check_access_rule("write")
   |              ^^^^^^^^^^^^^^^^^
10 |         self._filter_access_rules("read")
11 |         self._filter_access_rules_python("read")
   |
help: Replace with `check_access`
   |
8  |         self.check_access_rights("read")
   -         self.check_access_rule("write")
9  +         self.check_access("write")
10 |         self._filter_access_rules("read")
   |
note: This is an unsafe fix and may change runtime behavior

ODW8502 [*] `_filter_access_rules` was removed in Odoo 20.0 (deprecated since 18.0). Use `_filtered_access` instead; an override belongs in `_check_access`, or `_access_domain` from 20.0.
  --> deprecated_odoo_method_call.py:10:14
   |
 8 |         self.check_access_rights("read")
 9 |         self.check_access_rule("write")
10 |         self._filter_access_rules("read")
   |              ^^^^^^^^^^^^^^^^^^^^
11 |         self._filter_access_rules_python("read")
12 |         self._check_recursion()
   |
help: Replace with `_filtered_access`
   |
9  |         self.check_access_rule("write")
   -         self._filter_access_rules("read")
10 +         self._filtered_access("read")
11 |         self._filter_access_rules_python("read")
   |
note: This is an unsafe fix and may change runtime behavior

ODW8502 [*] `_filter_access_rules_python` was removed in Odoo 20.0 (deprecated since 18.0). Use `_filtered_access` instead; an override belongs in `_check_access`, or `_access_domain` from 20.0.
  --> deprecated_odoo_method_call.py:11:14
   |
 9 |         self.check_access_rule("write")
10 |         self._filter_access_rules("read")
11 |         self._filter_access_rules_python("read")
   |              ^^^^^^^^^^^^^^^^^^^^^^^^^^^
12 |         self._check_recursion()
13 |         self._check_m2m_recursion("child_ids")
   |
help: Replace with `_filtered_access`
   |
10 |         self._filter_access_rules("read")
   -         self._filter_access_rules_python("read")
11 +         self._filtered_access("read")
12 |         self._check_recursion()
   |
note: This is an unsafe fix and may change runtime behavior

ODW8502 `_check_recursion` was removed in Odoo 20.0 (deprecated since 18.0). Use `not _has_cycle(...)` instead — the result is inverted.
  --> deprecated_odoo_method_call.py:12:14
   |
10 |         self._filter_access_rules("read")
11 |         self._filter_access_rules_python("read")
12 |         self._check_recursion()
   |              ^^^^^^^^^^^^^^^^
13 |         self._check_m2m_recursion("child_ids")
   |

ODW8502 `_check_m2m_recursion` was removed in Odoo 20.0 (deprecated since 18.0). Use `not _has_cycle(...)` instead — the result is inverted.
  --> deprecated_odoo_method_call.py:13:14
   |
11 |         self._filter_access_rules_python("read")
12 |         self._check_recursion()
13 |         self._check_m2m_recursion("child_ids")
   |              ^^^^^^^^^^^^^^^^^^^^
14 |
15 |     def deprecated_in_19(self):
   |

ODW8502 `check_field_access_rights` was removed in Odoo 20.0 (deprecated since 19.0). Use `check_field_access` (`_check_field_access` before 20.0), or `fields_get` to list the allowed fields.
  --> deprecated_odoo_method_call.py:17:14
   |
15 |     def deprecated_in_19(self):
16 |         self.read_group([], ["amount:sum"], ["partner_id"])
17 |         self.check_field_access_rights("read", ["name"])
   |              ^^^^^^^^^^^^^^^^^^^^^^^^^
18 |         self.env["my.model"].browse(1).toggle_active()
   |

ODW8502 `toggle_active` was removed in Odoo 20.0 (deprecated since 19.0). Use `action_archive` or `action_unarchive` depending on the intent.
  --> deprecated_odoo_method_call.py:18:40
   |
16 |         self.read_group([], ["amount:sum"], ["partner_id"])
17 |         self.check_field_access_rights("read", ["name"])
18 |         self.env["my.model"].browse(1).toggle_active()
   |                                        ^^^^^^^^^^^^^
19 |
20 |     def read_group(self, domain, fields, groupby, offset=0, limit=None, orderby=False):
   |

ODW8502 `read_group` was replaced in Odoo 20.0: the name is back as the RPC adapter over `_read_group`, whose signature has no `lazy`, so this is still the pre-20.0 API. Use `_read_group` in backend code, or `formatted_read_group` for a formatted result.
  --> deprecated_odoo_method_call.py:53:21
   |
51 |     def with_lazy(self):
52 |         # `lazy` is not in the 20.0 signature, so this is unambiguously the pre-20.0 API.
53 |         return self.read_group([], ["amount:sum"], ["partner_id"], lazy=False)
   |                     ^^^^^^^^^^
54 |
55 |     def with_orderby(self):
   |

ODW8502 `read_group` was replaced in Odoo 20.0: the name is back as the RPC adapter over `_read_group`, whose signature has no `orderby`, so this is still the pre-20.0 API. Use `_read_group` in backend code, or `formatted_read_group` for a formatted result.
  --> deprecated_odoo_method_call.py:57:21
   |
55 |     def with_orderby(self):
56 |         # Same for `orderby`, which 20.0 renamed to `order`.
57 |         return self.read_group([], ["amount:sum"], ["partner_id"], orderby="partner_id")
   |                     ^^^^^^^^^^
58 |
59 |     def positional_only(self):
   |
