---
source: crates/ruff_linter/src/rules/odoo/mod.rs
---
ODOO031 Translation method _("string") in fields is not necessary
 --> ODOO031.py:4:31
  |
2 |     _inherit = "my.model"
3 |
4 |     name = fields.Char(string=_("Name"))
  |                               ^^^^^^^^^
5 |     label = fields.Char("Label")
  |
