---
source: crates/ruff_linter/src/rules/odoo/mod.rs
---
ODOO047 [*] `pylint: disable` comment should be migrated to `# noqa: ODOO017`
 --> ODOO047.py:5:22
  |
4 | def inline_name(env):
5 |     env.cr.commit()  # pylint: disable=invalid-commit
  |                      ^^^^^^^^^^^^^^^^^^^^^^^^^^^^^^^^
6 |     return True
  |
help: Replace with `# noqa: ODOO017`
  |
4 | def inline_name(env):
  -     env.cr.commit()  # pylint: disable=invalid-commit
5 +     env.cr.commit()  # noqa: ODOO017
6 |     return True
  |

ODOO047 [*] `pylint: disable` comment should be migrated to `# noqa: ODOO017`
  --> ODOO047.py:10:22
   |
 9 | def inline_code(env):
10 |     env.cr.commit()  # pylint: disable=E8102
   |                      ^^^^^^^^^^^^^^^^^^^^^^^
11 |     return True
   |
help: Replace with `# noqa: ODOO017`
   |
9  | def inline_code(env):
   -     env.cr.commit()  # pylint: disable=E8102
10 +     env.cr.commit()  # noqa: ODOO017
11 |     return True
   |

ODOO047 [*] `pylint: disable` comment should be migrated to `# noqa: ODOO017`
  --> ODOO047.py:15:22
   |
14 | def inline_no_spaces(env):
15 |     env.cr.commit()  #pylint:disable=invalid-commit
   |                      ^^^^^^^^^^^^^^^^^^^^^^^^^^^^^^
16 |     return True
   |
help: Replace with `# noqa: ODOO017`
   |
14 | def inline_no_spaces(env):
   -     env.cr.commit()  #pylint:disable=invalid-commit
15 +     env.cr.commit()  # noqa: ODOO017
16 |     return True
   |

ODOO047 [*] `pylint: disable` comment should be migrated to `# noqa: ODOO017`
  --> ODOO047.py:20:22
   |
19 | def inline_disable_msg(env):
20 |     env.cr.commit()  # pylint: disable-msg=invalid-commit
   |                      ^^^^^^^^^^^^^^^^^^^^^^^^^^^^^^^^^^^^
21 |     return True
   |
help: Replace with `# noqa: ODOO017`
   |
19 | def inline_disable_msg(env):
   -     env.cr.commit()  # pylint: disable-msg=invalid-commit
20 +     env.cr.commit()  # noqa: ODOO017
21 |     return True
   |

ODOO047 [*] `pylint: disable` comment should be migrated to `# noqa: C901, ODOO017`
  --> ODOO047.py:24:27
   |
24 | def multiple_names(env):  # pylint: disable=too-complex,invalid-commit
   |                           ^^^^^^^^^^^^^^^^^^^^^^^^^^^^^^^^^^^^^^^^^^^^
25 |     return True
   |
help: Replace with `# noqa: C901, ODOO017`
   |
23 |
   - def multiple_names(env):  # pylint: disable=too-complex,invalid-commit
24 + def multiple_names(env):  # noqa: C901, ODOO017
25 |     return True
   |

ODOO047 [*] `pylint: disable` comment should be migrated to `# noqa: ODOO042`
  --> ODOO047.py:28:28
   |
28 | def renamed_message(env):  # pylint: disable=translation-positional-used
   |                            ^^^^^^^^^^^^^^^^^^^^^^^^^^^^^^^^^^^^^^^^^^^^^
29 |     return True
   |
help: Replace with `# noqa: ODOO042`
   |
27 |
   - def renamed_message(env):  # pylint: disable=translation-positional-used
28 + def renamed_message(env):  # noqa: ODOO042
29 |     return True
   |

ODOO047 [*] `pylint: disable` comment should be migrated to `# noqa: ODOO017`
  --> ODOO047.py:32:37
   |
32 | def duplicated_name_and_code(env):  # pylint: disable=invalid-commit,E8102
   |                                     ^^^^^^^^^^^^^^^^^^^^^^^^^^^^^^^^^^^^^^
33 |     return True
   |
help: Replace with `# noqa: ODOO017`
   |
31 |
   - def duplicated_name_and_code(env):  # pylint: disable=invalid-commit,E8102
32 + def duplicated_name_and_code(env):  # noqa: ODOO017
33 |     return True
   |

ODOO047 [*] `pylint: disable` comment should be migrated to `# noqa: ODOO017`
  --> ODOO047.py:36:29
   |
36 | def partially_mapped(env):  # pylint: disable=invalid-commit,some-custom-check
   |                             ^^^^^^^^^^^^^^^^^^^^^^^^^^^^^^^^^^^^^^^^^^^^^^^^^^
37 |     return True
   |
help: Replace with `# noqa: ODOO017`
   |
35 |
   - def partially_mapped(env):  # pylint: disable=invalid-commit,some-custom-check
36 + def partially_mapped(env):  # pylint: disable=some-custom-check  # noqa: ODOO017
37 |     return True
   |

ODOO047 `pylint: disable` comment should be migrated to `# noqa: ODOO017`
  --> ODOO047.py:48:46
   |
48 | def already_migrated(env):  # noqa: ODOO017  # pylint: disable=invalid-commit
   |                                              ^^^^^^^^^^^^^^^^^^^^^^^^^^^^^^^^
49 |     return True
   |
help: Replace with `# noqa: ODOO017`

ODOO047 `pylint: disable` comment should be migrated to `# noqa: ODOO017`
  --> ODOO047.py:52:26
   |
52 | def trailing_text(env):  # pylint: disable=invalid-commit  # avoid partial writes
   |                          ^^^^^^^^^^^^^^^^^^^^^^^^^^^^^^^^
53 |     return True
   |
help: Replace with `# noqa: ODOO017`

ODOO047 `pylint: disable` comment should be migrated to `# noqa: ODOO017`
  --> ODOO047.py:64:1
   |
64 | # pylint: disable=invalid-commit
   | ^^^^^^^^^^^^^^^^^^^^^^^^^^^^^^^^
65 | def standalone_comment(env):
66 |     return True
   |
help: Replace with `# noqa: ODOO017`

ODOO047 `pylint: disable` comment should be migrated to `# noqa: ODOO017`
  --> ODOO047.py:69:1
   |
69 | # pylint: disable-next=invalid-commit
   | ^^^^^^^^^^^^^^^^^^^^^^^^^^^^^^^^^^^^^
70 | def disable_next(env):
71 |     return True
   |
help: Replace with `# noqa: ODOO017`
