---
source: crates/ruff_linter/src/rules/odoo/mod.rs
---
ODOO003 [*] Use of vim comment
 --> ODOO003.py:1:1
  |
1 | # vim: fileencoding=utf-8
  | ^^^^^^^^^^^^^^^^^^^^^^^^^
2 | import os
  |
help: Remove vim comment
  |
  - # vim: fileencoding=utf-8
1 | import os
  |

ODOO003 Use of vim comment
 --> ODOO003.py:4:8
  |
2 | import os
3 |
4 | x = 1  # vim: set ts=4 sw=4 et:
  |        ^^^^^^^^^^^^^^^^^^^^^^^^
5 |
6 | # VIM:fdm=marker
  |
help: Remove vim comment

ODOO003 [*] Use of vim comment
 --> ODOO003.py:6:1
  |
4 | x = 1  # vim: set ts=4 sw=4 et:
5 |
6 | # VIM:fdm=marker
  | ^^^^^^^^^^^^^^^^
7 |
8 | # A regular comment
  |
help: Remove vim comment
  |
5 |
  - # VIM:fdm=marker
6 |
  |
