---
source: crates/ruff_linter/src/rules/odoo/mod.rs
---
ODW8302 [*] Use lazy % formatting in odoo._ functions instead of str.format
 --> translation_format_interpolation.py:7:9
  |
5 | class Model:
6 |     def method(self, var):
7 |         _("Hello {}").format(var)  # ODW8302
  |         ^^^^^^^^^^^^^^^^^^^^^^^^^
8 |         self.env._("Hello {}").format(var)  # ODW8302
9 |         _("Hello {}".format(var))  # ODW8302
  |
help: Pass the values as arguments to the translation call
  |
6 |     def method(self, var):
  -         _("Hello {}").format(var)  # ODW8302
7 +         _("Hello %s", var)  # ODW8302
8 |         self.env._("Hello {}").format(var)  # ODW8302
  |
note: This is an unsafe fix and may change runtime behavior

ODW8302 [*] Use lazy % formatting in odoo._ functions instead of str.format
  --> translation_format_interpolation.py:8:9
   |
 6 |     def method(self, var):
 7 |         _("Hello {}").format(var)  # ODW8302
 8 |         self.env._("Hello {}").format(var)  # ODW8302
   |         ^^^^^^^^^^^^^^^^^^^^^^^^^^^^^^^^^^
 9 |         _("Hello {}".format(var))  # ODW8302
10 |         self.env._("Hello {x}".format(x=var))  # ODW8302
   |
help: Pass the values as arguments to the translation call
  |
7 |         _("Hello {}").format(var)  # ODW8302
  -         self.env._("Hello {}").format(var)  # ODW8302
8 +         self.env._("Hello %s", var)  # ODW8302
9 |         _("Hello {}".format(var))  # ODW8302
  |
note: This is an unsafe fix and may change runtime behavior

ODW8302 [*] Use lazy % formatting in odoo._ functions instead of str.format
  --> translation_format_interpolation.py:9:9
   |
 7 |         _("Hello {}").format(var)  # ODW8302
 8 |         self.env._("Hello {}").format(var)  # ODW8302
 9 |         _("Hello {}".format(var))  # ODW8302
   |         ^^^^^^^^^^^^^^^^^^^^^^^^^
10 |         self.env._("Hello {x}".format(x=var))  # ODW8302
11 |         _("Hello {} and {}").format(var, var)  # ODW8302
   |
help: Pass the values as arguments to the translation call
   |
8  |         self.env._("Hello {}").format(var)  # ODW8302
   -         _("Hello {}".format(var))  # ODW8302
9  +         _("Hello %s", var)  # ODW8302
10 |         self.env._("Hello {x}".format(x=var))  # ODW8302
   |
note: This is an unsafe fix and may change runtime behavior

ODW8302 Use lazy % formatting in odoo._ functions instead of str.format
  --> translation_format_interpolation.py:10:9
   |
 8 |         self.env._("Hello {}").format(var)  # ODW8302
 9 |         _("Hello {}".format(var))  # ODW8302
10 |         self.env._("Hello {x}".format(x=var))  # ODW8302
   |         ^^^^^^^^^^^^^^^^^^^^^^^^^^^^^^^^^^^^^
11 |         _("Hello {} and {}").format(var, var)  # ODW8302
12 |         _("{{literal}} 100% {}".format(var))  # ODW8302
   |
help: Pass the values as arguments to the translation call

ODW8302 [*] Use lazy % formatting in odoo._ functions instead of str.format
  --> translation_format_interpolation.py:11:9
   |
 9 |         _("Hello {}".format(var))  # ODW8302
10 |         self.env._("Hello {x}".format(x=var))  # ODW8302
11 |         _("Hello {} and {}").format(var, var)  # ODW8302
   |         ^^^^^^^^^^^^^^^^^^^^^^^^^^^^^^^^^^^^^
12 |         _("{{literal}} 100% {}".format(var))  # ODW8302
13 |         # Flagged, but no fix: an escape sequence could hide a brace or `%`.
   |
help: Pass the values as arguments to the translation call
   |
10 |         self.env._("Hello {x}".format(x=var))  # ODW8302
   -         _("Hello {} and {}").format(var, var)  # ODW8302
11 +         _("Hello %s and %s", var, var)  # ODW8302
12 |         _("{{literal}} 100% {}".format(var))  # ODW8302
   |
note: This is an unsafe fix and may change runtime behavior

ODW8302 [*] Use lazy % formatting in odoo._ functions instead of str.format
  --> translation_format_interpolation.py:12:9
   |
10 |         self.env._("Hello {x}".format(x=var))  # ODW8302
11 |         _("Hello {} and {}").format(var, var)  # ODW8302
12 |         _("{{literal}} 100% {}".format(var))  # ODW8302
   |         ^^^^^^^^^^^^^^^^^^^^^^^^^^^^^^^^^^^^
13 |         # Flagged, but no fix: an escape sequence could hide a brace or `%`.
14 |         _("Hello {}\n".format(var))  # ODW8302
   |
help: Pass the values as arguments to the translation call
   |
11 |         _("Hello {} and {}").format(var, var)  # ODW8302
   -         _("{{literal}} 100% {}".format(var))  # ODW8302
12 +         _("{literal} 100%% %s", var)  # ODW8302
13 |         # Flagged, but no fix: an escape sequence could hide a brace or `%`.
   |
note: This is an unsafe fix and may change runtime behavior

ODW8302 Use lazy % formatting in odoo._ functions instead of str.format
  --> translation_format_interpolation.py:14:9
   |
12 |         _("{{literal}} 100% {}".format(var))  # ODW8302
13 |         # Flagged, but no fix: an escape sequence could hide a brace or `%`.
14 |         _("Hello {}\n".format(var))  # ODW8302
   |         ^^^^^^^^^^^^^^^^^^^^^^^^^^^
15 |
16 |         # No diagnostic: a non-empty format spec is too complex to convert.
   |
help: Pass the values as arguments to the translation call
