---
source: crates/ruff_linter/src/rules/odoo/mod.rs
---
ODE8301 odoo._ format string ends in middle of conversion specifier
 --> translation_format_truncated.py:6:9
  |
4 | class Model:
5 |     def method(self, var):
6 |         _("Hello %", var)  # ODE8301
  |         ^^^^^^^^^^^^^^^^^
7 |         self.env._("Hello %", var)  # ODE8301
8 |         _("%s %", var)  # ODE8301
  |

ODE8301 odoo._ format string ends in middle of conversion specifier
 --> translation_format_truncated.py:7:9
  |
5 |     def method(self, var):
6 |         _("Hello %", var)  # ODE8301
7 |         self.env._("Hello %", var)  # ODE8301
  |         ^^^^^^^^^^^^^^^^^^^^^^^^^^
8 |         _("%s %", var)  # ODE8301
9 |         _("100%", var)  # ODE8301
  |

ODE8301 odoo._ format string ends in middle of conversion specifier
 --> translation_format_truncated.py:8:9
  |
6 |         _("Hello %", var)  # ODE8301
7 |         self.env._("Hello %", var)  # ODE8301
8 |         _("%s %", var)  # ODE8301
  |         ^^^^^^^^^^^^^^
9 |         _("100%", var)  # ODE8301
  |

ODE8301 odoo._ format string ends in middle of conversion specifier
  --> translation_format_truncated.py:9:9
   |
 7 |         self.env._("Hello %", var)  # ODE8301
 8 |         _("%s %", var)  # ODE8301
 9 |         _("100%", var)  # ODE8301
   |         ^^^^^^^^^^^^^^
10 |
11 |         # No diagnostic: without supplied values the term is used verbatim.
   |
