---
source: crates/ruff_linter/src/rules/odoo/mod.rs
---
ODOO045 Test folder imported in module
 --> __init__.py:2:1
  |
1 | from . import models
2 | from . import tests
  | ^^^^^^^^^^^^^^^^^^^
3 | from .tests import test_stuff
4 | import tests.common
  |

ODOO045 Test folder imported in module
 --> __init__.py:3:1
  |
1 | from . import models
2 | from . import tests
3 | from .tests import test_stuff
  | ^^^^^^^^^^^^^^^^^^^^^^^^^^^^^
4 | import tests.common
  |

ODOO045 Test folder imported in module
 --> __init__.py:4:1
  |
2 | from . import tests
3 | from .tests import test_stuff
4 | import tests.common
  | ^^^^^^^^^^^^^^^^^^^
