---
source: crates/ruff_linter/src/rules/odoo/mod.rs
---
ODW8155 Used builtin function `itertools.groupby`. Prefer `odoo.tools.groupby` instead.
 --> bad_builtin_groupby.py:6:1
  |
4 | from odoo.tools import groupby
5 |
6 | itertools.groupby(records, key=lambda r: r.partner_id)
  | ^^^^^^^^^^^^^^^^^^^^^^^^^^^^^^^^^^^^^^^^^^^^^^^^^^^^^^
7 | itertools_groupby(records, key=lambda r: r.partner_id)
8 | groupby(records, key=lambda r: r.partner_id)
  |

ODW8155 Used builtin function `itertools.groupby`. Prefer `odoo.tools.groupby` instead.
 --> bad_builtin_groupby.py:7:1
  |
6 | itertools.groupby(records, key=lambda r: r.partner_id)
7 | itertools_groupby(records, key=lambda r: r.partner_id)
  | ^^^^^^^^^^^^^^^^^^^^^^^^^^^^^^^^^^^^^^^^^^^^^^^^^^^^^^
8 | groupby(records, key=lambda r: r.partner_id)
  |
