---
source: crates/ruff_linter/src/rules/odoo/mod.rs
---
ODOO020 `odoo.exceptions.Warning` is a deprecated alias to `odoo.exceptions.UserError`, use `from odoo.exceptions import UserError`
 --> ODOO020.py:1:1
  |
1 | from odoo.exceptions import Warning
  | ^^^^^^^^^^^^^^^^^^^^^^^^^^^^^^^^^^^
2 |
3 | from odoo.exceptions import UserError
  |
