---
source: crates/ruff_linter/src/rules/odoo/mod.rs
---
ODOO042 Translation method is using positional string printf formatting with multiple arguments. Use named placeholders instead
 --> ODOO042.py:1:1
  |
1 | _("%s of %s")
  | ^^^^^^^^^^^^^
2 | _("%(count)s of %(total)s")
3 | _("{} and {}")
  |
help: Convert to named placeholders passed as keyword arguments

ODOO042 Translation method is using positional string printf formatting with multiple arguments. Use named placeholders instead
 --> ODOO042.py:3:1
  |
1 | _("%s of %s")
2 | _("%(count)s of %(total)s")
3 | _("{} and {}")
  | ^^^^^^^^^^^^^^
4 | _("only one %s")
  |
help: Convert to named placeholders passed as keyword arguments

ODOO042 [*] Translation method is using positional string printf formatting with multiple arguments. Use named placeholders instead
 --> ODOO042.py:7:1
  |
6 | # Fixable: values passed to the call as names or dotted attribute chains.
7 | self.env._("Donation (%s) is (%s)", tier.name, tier.campaign_id.name)
  | ^^^^^^^^^^^^^^^^^^^^^^^^^^^^^^^^^^^^^^^^^^^^^^^^^^^^^^^^^^^^^^^^^^^^^
8 | _("%s of %s", count, total)
9 | _lt("%d of %d", count, total)
  |
help: Convert to named placeholders passed as keyword arguments
  |
6 | # Fixable: values passed to the call as names or dotted attribute chains.
  - self.env._("Donation (%s) is (%s)", tier.name, tier.campaign_id.name)
7 + self.env._("Donation (%(tier_name)s) is (%(tier_campaign_id_name)s)", tier_name=tier.name, tier_campaign_id_name=tier.campaign_id.name)
8 | _("%s of %s", count, total)
  |
note: This is an unsafe fix and may change runtime behavior

ODOO042 [*] Translation method is using positional string printf formatting with multiple arguments. Use named placeholders instead
  --> ODOO042.py:8:1
   |
 6 | # Fixable: values passed to the call as names or dotted attribute chains.
 7 | self.env._("Donation (%s) is (%s)", tier.name, tier.campaign_id.name)
 8 | _("%s of %s", count, total)
   | ^^^^^^^^^^^^^^^^^^^^^^^^^^^
 9 | _lt("%d of %d", count, total)
10 | self.env._("%s discount: %.2f", name, discount)
   |
help: Convert to named placeholders passed as keyword arguments
  |
7 | self.env._("Donation (%s) is (%s)", tier.name, tier.campaign_id.name)
  - _("%s of %s", count, total)
8 + _("%(count)s of %(total)s", count=count, total=total)
9 | _lt("%d of %d", count, total)
  |
note: This is an unsafe fix and may change runtime behavior

ODOO042 [*] Translation method is using positional string printf formatting with multiple arguments. Use named placeholders instead
  --> ODOO042.py:9:1
   |
 7 | self.env._("Donation (%s) is (%s)", tier.name, tier.campaign_id.name)
 8 | _("%s of %s", count, total)
 9 | _lt("%d of %d", count, total)
   | ^^^^^^^^^^^^^^^^^^^^^^^^^^^^^
10 | self.env._("%s discount: %.2f", name, discount)
11 | _("%s and %s", value, value)
   |
help: Convert to named placeholders passed as keyword arguments
   |
8  | _("%s of %s", count, total)
   - _lt("%d of %d", count, total)
9  + _lt("%(count)d of %(total)d", count=count, total=total)
10 | self.env._("%s discount: %.2f", name, discount)
   |
note: This is an unsafe fix and may change runtime behavior

ODOO042 [*] Translation method is using positional string printf formatting with multiple arguments. Use named placeholders instead
  --> ODOO042.py:10:1
   |
 8 | _("%s of %s", count, total)
 9 | _lt("%d of %d", count, total)
10 | self.env._("%s discount: %.2f", name, discount)
   | ^^^^^^^^^^^^^^^^^^^^^^^^^^^^^^^^^^^^^^^^^^^^^^^
11 | _("%s and %s", value, value)
   |
help: Convert to named placeholders passed as keyword arguments
   |
9  | _lt("%d of %d", count, total)
   - self.env._("%s discount: %.2f", name, discount)
10 + self.env._("%(name)s discount: %(discount).2f", name=name, discount=discount)
11 | _("%s and %s", value, value)
   |
note: This is an unsafe fix and may change runtime behavior

ODOO042 [*] Translation method is using positional string printf formatting with multiple arguments. Use named placeholders instead
  --> ODOO042.py:11:1
   |
 9 | _lt("%d of %d", count, total)
10 | self.env._("%s discount: %.2f", name, discount)
11 | _("%s and %s", value, value)
   | ^^^^^^^^^^^^^^^^^^^^^^^^^^^^
12 |
13 | # Fixable: the name is derived from inside the expression — the first nameable call
   |
help: Convert to named placeholders passed as keyword arguments
   |
10 | self.env._("%s discount: %.2f", name, discount)
   - _("%s and %s", value, value)
11 + _("%(value)s and %(value)s", value=value)
12 |
   |
note: This is an unsafe fix and may change runtime behavior

ODOO042 [*] Translation method is using positional string printf formatting with multiple arguments. Use named placeholders instead
  --> ODOO042.py:15:1
   |
13 |   # Fixable: the name is derived from inside the expression — the first nameable call
14 |   # argument, the callee, or the subscript base plus its index.
15 | / self.env._(
16 | |     "The following fields are required:\n - %s\nFor the record %s",
17 | |     "\n - ".join(fields_string),
18 | |     sale.display_name,
19 | | )
   | |_^
20 |   _("%s of %s", get_count(), total)
21 |   self.env._(
   |
help: Convert to named placeholders passed as keyword arguments
   |
15 | self.env._(
   -     "The following fields are required:\n - %s\nFor the record %s",
   -     "\n - ".join(fields_string),
   -     sale.display_name,
16 +     "The following fields are required:\n - %(fields_string)s\nFor the record %(sale_display_name)s", fields_string="\n - ".join(fields_string), sale_display_name=sale.display_name,
17 | )
   |
note: This is an unsafe fix and may change runtime behavior

ODOO042 [*] Translation method is using positional string printf formatting with multiple arguments. Use named placeholders instead
  --> ODOO042.py:20:1
   |
18 |     sale.display_name,
19 | )
20 | _("%s of %s", get_count(), total)
   | ^^^^^^^^^^^^^^^^^^^^^^^^^^^^^^^^^
21 | self.env._(
22 |     "%s -> %s (From %s to %s)",
   |
help: Convert to named placeholders passed as keyword arguments
   |
19 | )
   - _("%s of %s", get_count(), total)
20 + _("%(get_count)s of %(total)s", get_count=get_count(), total=total)
21 | self.env._(
   |
note: This is an unsafe fix and may change runtime behavior

ODOO042 [*] Translation method is using positional string printf formatting with multiple arguments. Use named placeholders instead
  --> ODOO042.py:21:1
   |
19 |   )
20 |   _("%s of %s", get_count(), total)
21 | / self.env._(
22 | |     "%s -> %s (From %s to %s)",
23 | |     record.delegated_from_id.display_name,
24 | |     record.delegated_id.display_name,
25 | |     format_date(self.env, record.start_date),
26 | |     format_date(self.env, record.end_date),
27 | | )
   | |_^
28 |   _("%s and %s", sale.mapped("name"), count)
29 |   _("%s of %s", values[0], values[1])
   |
help: Convert to named placeholders passed as keyword arguments
   |
21 | self.env._(
   -     "%s -> %s (From %s to %s)",
   -     record.delegated_from_id.display_name,
   -     record.delegated_id.display_name,
   -     format_date(self.env, record.start_date),
   -     format_date(self.env, record.end_date),
22 +     "%(record_delegated_from_id_display_name)s -> %(record_delegated_id_display_name)s (From %(record_start_date)s to %(record_end_date)s)", record_delegated_from_id_display_name=record.delegated_from_id.display_name, record_delegated_id_display_name=record.delegated_id.display_name, record_start_date=format_date(self.env, record.start_date), record_end_date=format_date(self.env, record.end_date),
23 | )
   |
note: This is an unsafe fix and may change runtime behavior

ODOO042 [*] Translation method is using positional string printf formatting with multiple arguments. Use named placeholders instead
  --> ODOO042.py:28:1
   |
26 |     format_date(self.env, record.end_date),
27 | )
28 | _("%s and %s", sale.mapped("name"), count)
   | ^^^^^^^^^^^^^^^^^^^^^^^^^^^^^^^^^^^^^^^^^^
29 | _("%s of %s", values[0], values[1])
30 | _("%s of %s", vals["name"], vals[key])
   |
help: Convert to named placeholders passed as keyword arguments
   |
27 | )
   - _("%s and %s", sale.mapped("name"), count)
28 + _("%(sale_mapped)s and %(count)s", sale_mapped=sale.mapped("name"), count=count)
29 | _("%s of %s", values[0], values[1])
   |
note: This is an unsafe fix and may change runtime behavior

ODOO042 [*] Translation method is using positional string printf formatting with multiple arguments. Use named placeholders instead
  --> ODOO042.py:29:1
   |
27 | )
28 | _("%s and %s", sale.mapped("name"), count)
29 | _("%s of %s", values[0], values[1])
   | ^^^^^^^^^^^^^^^^^^^^^^^^^^^^^^^^^^^
30 | _("%s of %s", vals["name"], vals[key])
31 | _(
   |
help: Convert to named placeholders passed as keyword arguments
   |
28 | _("%s and %s", sale.mapped("name"), count)
   - _("%s of %s", values[0], values[1])
29 + _("%(values_0)s of %(values_1)s", values_0=values[0], values_1=values[1])
30 | _("%s of %s", vals["name"], vals[key])
   |
note: This is an unsafe fix and may change runtime behavior

ODOO042 [*] Translation method is using positional string printf formatting with multiple arguments. Use named placeholders instead
  --> ODOO042.py:30:1
   |
28 | _("%s and %s", sale.mapped("name"), count)
29 | _("%s of %s", values[0], values[1])
30 | _("%s of %s", vals["name"], vals[key])
   | ^^^^^^^^^^^^^^^^^^^^^^^^^^^^^^^^^^^^^^
31 | _(
32 |     "Partners:\n - %s\n\n Domain used %s",
   |
help: Convert to named placeholders passed as keyword arguments
   |
29 | _("%s of %s", values[0], values[1])
   - _("%s of %s", vals["name"], vals[key])
30 + _("%(vals_name)s of %(vals_key)s", vals_name=vals["name"], vals_key=vals[key])
31 | _(
   |
note: This is an unsafe fix and may change runtime behavior

ODOO042 [*] Translation method is using positional string printf formatting with multiple arguments. Use named placeholders instead
  --> ODOO042.py:31:1
   |
29 |   _("%s of %s", values[0], values[1])
30 |   _("%s of %s", vals["name"], vals[key])
31 | / _(
32 | |     "Partners:\n - %s\n\n Domain used %s",
33 | |     "\n - ".join(["%s - %s" % (p.ref, p.name) for p in partners_werror]),
34 | |     domain,
35 | | )
   | |_^
36 |   _("date '%s'.%s", date_to_convert, self.env._(" In: %s.", title) if title else "")
   |
help: Convert to named placeholders passed as keyword arguments
   |
31 | _(
   -     "Partners:\n - %s\n\n Domain used %s",
   -     "\n - ".join(["%s - %s" % (p.ref, p.name) for p in partners_werror]),
   -     domain,
32 +     "Partners:\n - %(partners_werror)s\n\n Domain used %(domain)s", partners_werror="\n - ".join(["%s - %s" % (p.ref, p.name) for p in partners_werror]), domain=domain,
33 | )
   |
note: This is an unsafe fix and may change runtime behavior

ODOO042 [*] Translation method is using positional string printf formatting with multiple arguments. Use named placeholders instead
  --> ODOO042.py:36:1
   |
34 |     domain,
35 | )
36 | _("date '%s'.%s", date_to_convert, self.env._(" In: %s.", title) if title else "")
   | ^^^^^^^^^^^^^^^^^^^^^^^^^^^^^^^^^^^^^^^^^^^^^^^^^^^^^^^^^^^^^^^^^^^^^^^^^^^^^^^^^^
37 |
38 | # Not fixable: the values are interpolated outside the call.
   |
help: Convert to named placeholders passed as keyword arguments
   |
35 | )
   - _("date '%s'.%s", date_to_convert, self.env._(" In: %s.", title) if title else "")
36 + _("date '%(date_to_convert)s'.%(title)s", date_to_convert=date_to_convert, title=self.env._(" In: %s.", title) if title else "")
37 |
   |
note: This is an unsafe fix and may change runtime behavior

ODOO042 Translation method is using positional string printf formatting with multiple arguments. Use named placeholders instead
  --> ODOO042.py:39:1
   |
38 | # Not fixable: the values are interpolated outside the call.
39 | _("%s of %s") % (count, total)
   | ^^^^^^^^^^^^^
40 | # Not fixable: no identifier anywhere in the argument.
41 | _("%s of %s", count + 1, total)
   |
help: Convert to named placeholders passed as keyword arguments

ODOO042 Translation method is using positional string printf formatting with multiple arguments. Use named placeholders instead
  --> ODOO042.py:41:1
   |
39 | _("%s of %s") % (count, total)
40 | # Not fixable: no identifier anywhere in the argument.
41 | _("%s of %s", count + 1, total)
   | ^^^^^^^^^^^^^^^^^^^^^^^^^^^^^^^
42 | _("%s of %s", 42, total)
43 | # Not fixable: argument count doesn't match the placeholder count.
   |
help: Convert to named placeholders passed as keyword arguments

ODOO042 Translation method is using positional string printf formatting with multiple arguments. Use named placeholders instead
  --> ODOO042.py:42:1
   |
40 | # Not fixable: no identifier anywhere in the argument.
41 | _("%s of %s", count + 1, total)
42 | _("%s of %s", 42, total)
   | ^^^^^^^^^^^^^^^^^^^^^^^^
43 | # Not fixable: argument count doesn't match the placeholder count.
44 | _("%s of %s", count)
   |
help: Convert to named placeholders passed as keyword arguments

ODOO042 Translation method is using positional string printf formatting with multiple arguments. Use named placeholders instead
  --> ODOO042.py:44:1
   |
42 | _("%s of %s", 42, total)
43 | # Not fixable: argument count doesn't match the placeholder count.
44 | _("%s of %s", count)
   | ^^^^^^^^^^^^^^^^^^^^
45 | # Not fixable: distinct expressions colliding on the same derived name.
46 | _("%s of %s", a.b, a_b)
   |
help: Convert to named placeholders passed as keyword arguments

ODOO042 Translation method is using positional string printf formatting with multiple arguments. Use named placeholders instead
  --> ODOO042.py:46:1
   |
44 | _("%s of %s", count)
45 | # Not fixable: distinct expressions colliding on the same derived name.
46 | _("%s of %s", a.b, a_b)
   | ^^^^^^^^^^^^^^^^^^^^^^^
47 | # Not fixable: keyword arguments already present.
48 | _("%s of %s", count, total=total)
   |
help: Convert to named placeholders passed as keyword arguments

ODOO042 Translation method is using positional string printf formatting with multiple arguments. Use named placeholders instead
  --> ODOO042.py:48:1
   |
46 | _("%s of %s", a.b, a_b)
47 | # Not fixable: keyword arguments already present.
48 | _("%s of %s", count, total=total)
   | ^^^^^^^^^^^^^^^^^^^^^^^^^^^^^^^^^
help: Convert to named placeholders passed as keyword arguments
