---
source: crates/ruff_linter/src/rules/odoo/mod.rs
---
ODE8140 No exceptions should be raised inside unlink() functions
  --> no_raise_unlink.py:10:13
   |
 8 |     def unlink(self):
 9 |         if self.state == "done":
10 |             raise UserError("Cannot delete a done record")
   |             ^^^^^^^^^^^^^^^^^^^^^^^^^^^^^^^^^^^^^^^^^^^^^^
11 |         return super().unlink()
   |

ODE8140 No exceptions should be raised inside unlink() functions
  --> no_raise_unlink.py:23:9
   |
22 |     def unlink(self):
23 |         raise UserError("Cannot delete")
   |         ^^^^^^^^^^^^^^^^^^^^^^^^^^^^^^^^

ODE8140 No exceptions should be raised inside unlink() functions
  --> no_raise_unlink.py:53:9
   |
52 |     def unlink(self):
53 |         raise UserError("Cannot delete")
   |         ^^^^^^^^^^^^^^^^^^^^^^^^^^^^^^^^

ODE8140 No exceptions should be raised inside unlink() functions
  --> no_raise_unlink.py:62:9
   |
61 |     def unlink(self):
62 |         raise UserError("Cannot delete")
   |         ^^^^^^^^^^^^^^^^^^^^^^^^^^^^^^^^
